Archive member included to satisfy reference by file (symbol)

/usr/lib/gcc/arm-none-eabi/13.2.1/thumb/v6-m/nofp/libgcc.a(_dvmd_tls.o)
                              CMakeFiles/pio_dac_sine.dir/home/nanjundaradhyahy/pico/pico-sdk/src/rp2_common/pico_divider/divider_hardware.S.o (__aeabi_idiv0)
/usr/lib/gcc/arm-none-eabi/13.2.1/../../../arm-none-eabi/lib/thumb/v6-m/nofp/libg.a(libc_a-sscanf.o)
                              CMakeFiles/pio_dac_sine.dir/main.c.o (sscanf)
/usr/lib/gcc/arm-none-eabi/13.2.1/../../../arm-none-eabi/lib/thumb/v6-m/nofp/libg.a(libc_a-calloc.o)
                              CMakeFiles/pio_dac_sine.dir/home/nanjundaradhyahy/pico/pico-sdk/src/rp2_common/pico_malloc/malloc.c.o (calloc)
/usr/lib/gcc/arm-none-eabi/13.2.1/../../../arm-none-eabi/lib/thumb/v6-m/nofp/libg.a(libc_a-impure.o)
                              CMakeFiles/pio_dac_sine.dir/main.c.o (_impure_ptr)
/usr/lib/gcc/arm-none-eabi/13.2.1/../../../arm-none-eabi/lib/thumb/v6-m/nofp/libg.a(libc_a-callocr.o)
                              /usr/lib/gcc/arm-none-eabi/13.2.1/../../../arm-none-eabi/lib/thumb/v6-m/nofp/libg.a(libc_a-calloc.o) (_calloc_r)
/usr/lib/gcc/arm-none-eabi/13.2.1/../../../arm-none-eabi/lib/thumb/v6-m/nofp/libg.a(libc_a-realloc.o)
                              CMakeFiles/pio_dac_sine.dir/home/nanjundaradhyahy/pico/pico-sdk/src/rp2_common/pico_malloc/malloc.c.o (realloc)
/usr/lib/gcc/arm-none-eabi/13.2.1/../../../arm-none-eabi/lib/thumb/v6-m/nofp/libg.a(libc_a-mallocr.o)
                              /usr/lib/gcc/arm-none-eabi/13.2.1/../../../arm-none-eabi/lib/thumb/v6-m/nofp/libg.a(libc_a-callocr.o) (_malloc_r)
/usr/lib/gcc/arm-none-eabi/13.2.1/../../../arm-none-eabi/lib/thumb/v6-m/nofp/libg.a(libc_a-freer.o)
                              /usr/lib/gcc/arm-none-eabi/13.2.1/../../../arm-none-eabi/lib/thumb/v6-m/nofp/libg.a(libc_a-mallocr.o) (_free_r)
/usr/lib/gcc/arm-none-eabi/13.2.1/../../../arm-none-eabi/lib/thumb/v6-m/nofp/libg.a(libc_a-svfscanf.o)
                              /usr/lib/gcc/arm-none-eabi/13.2.1/../../../arm-none-eabi/lib/thumb/v6-m/nofp/libg.a(libc_a-sscanf.o) (__ssvfscanf_r)
/usr/lib/gcc/arm-none-eabi/13.2.1/../../../arm-none-eabi/lib/thumb/v6-m/nofp/libg.a(libc_a-memcmp.o)
                              CMakeFiles/pio_dac_sine.dir/home/nanjundaradhyahy/pico/pico-sdk/src/rp2_common/pico_atomic/atomic.c.o (memcmp)
/usr/lib/gcc/arm-none-eabi/13.2.1/../../../arm-none-eabi/lib/thumb/v6-m/nofp/libg.a(libc_a-strtol.o)
                              /usr/lib/gcc/arm-none-eabi/13.2.1/../../../arm-none-eabi/lib/thumb/v6-m/nofp/libg.a(libc_a-svfscanf.o) (_strtol_r)
/usr/lib/gcc/arm-none-eabi/13.2.1/../../../arm-none-eabi/lib/thumb/v6-m/nofp/libg.a(libc_a-malloc.o)
                              CMakeFiles/pio_dac_sine.dir/home/nanjundaradhyahy/pico/pico-sdk/src/rp2_common/pico_malloc/malloc.c.o (malloc)
/usr/lib/gcc/arm-none-eabi/13.2.1/../../../arm-none-eabi/lib/thumb/v6-m/nofp/libg.a(libc_a-sysconf.o)
                              /usr/lib/gcc/arm-none-eabi/13.2.1/../../../arm-none-eabi/lib/thumb/v6-m/nofp/libg.a(libc_a-mallocr.o) (sysconf)
/usr/lib/gcc/arm-none-eabi/13.2.1/../../../arm-none-eabi/lib/thumb/v6-m/nofp/libg.a(libc_a-stdio.o)
                              /usr/lib/gcc/arm-none-eabi/13.2.1/../../../arm-none-eabi/lib/thumb/v6-m/nofp/libg.a(libc_a-sscanf.o) (__seofread)
/usr/lib/gcc/arm-none-eabi/13.2.1/../../../arm-none-eabi/lib/thumb/v6-m/nofp/libg.a(libc_a-iswspace.o)
                              /usr/lib/gcc/arm-none-eabi/13.2.1/../../../arm-none-eabi/lib/thumb/v6-m/nofp/libg.a(libc_a-svfscanf.o) (iswspace)
/usr/lib/gcc/arm-none-eabi/13.2.1/../../../arm-none-eabi/lib/thumb/v6-m/nofp/libg.a(libc_a-mbrtowc.o)
                              /usr/lib/gcc/arm-none-eabi/13.2.1/../../../arm-none-eabi/lib/thumb/v6-m/nofp/libg.a(libc_a-svfscanf.o) (_mbrtowc_r)
/usr/lib/gcc/arm-none-eabi/13.2.1/../../../arm-none-eabi/lib/thumb/v6-m/nofp/libg.a(libc_a-init.o)
                              /usr/lib/gcc/arm-none-eabi/13.2.1/../../../arm-none-eabi/lib/thumb/v6-m/nofp/crt0.o (__libc_init_array)
/usr/lib/gcc/arm-none-eabi/13.2.1/../../../arm-none-eabi/lib/thumb/v6-m/nofp/libg.a(libc_a-reallocr.o)
                              /usr/lib/gcc/arm-none-eabi/13.2.1/../../../arm-none-eabi/lib/thumb/v6-m/nofp/libg.a(libc_a-realloc.o) (_realloc_r)
/usr/lib/gcc/arm-none-eabi/13.2.1/../../../arm-none-eabi/lib/thumb/v6-m/nofp/libg.a(libc_a-writer.o)
                              /usr/lib/gcc/arm-none-eabi/13.2.1/../../../arm-none-eabi/lib/thumb/v6-m/nofp/libg.a(libc_a-stdio.o) (_write_r)
/usr/lib/gcc/arm-none-eabi/13.2.1/../../../arm-none-eabi/lib/thumb/v6-m/nofp/libg.a(libc_a-mktime.o)
                              CMakeFiles/pio_dac_sine.dir/home/nanjundaradhyahy/pico/pico-sdk/src/common/pico_util/datetime.c.o (mktime)
/usr/lib/gcc/arm-none-eabi/13.2.1/../../../arm-none-eabi/lib/thumb/v6-m/nofp/libg.a(libc_a-fwrite.o)
                              CMakeFiles/pio_dac_sine.dir/main.c.o (fwrite)
[...]
Memory Configuration

Name             Origin             Length             Attributes
FLASH            0x10000000         0x00200000         xr
RAM              0x20000000         0x00040000         xrw
SCRATCH_X        0x20040000         0x00001000         xrw
SCRATCH_Y        0x20041000         0x00001000         xrw
*default*        0x00000000         0xffffffff

Linker script and memory map

LOAD /usr/lib/gcc/arm-none-eabi/13.2.1/thumb/v6-m/nofp/crti.o
LOAD /usr/lib/gcc/arm-none-eabi/13.2.1/thumb/v6-m/nofp/crtbegin.o
LOAD /usr/lib/gcc/arm-none-eabi/13.2.1/../../../arm-none-eabi/lib/thumb/v6-m/nofp/crt0.o

.flash_begin    0x10000000        0x0
                0x10000000                        __flash_binary_start = .

.boot2          0x10000000      0x100
                0x10000000                        __boot2_start__ = .
 *(.boot2)
 .boot2         0x10000000      0x100 pico-sdk/src/rp2040/boot_stage2/CMakeFiles/bs2_default_library.dir/bs2_default_padded_checksummed.S.o
                0x10000100                        __boot2_end__ = .
                0x00000001                        ASSERT (((__boot2_end__ - __boot2_start__) == 0x100), ERROR: Pico second stage bootloader must be 256 bytes in size)

.text           0x10000100     0xe2a0
                0x10000100                        __logical_binary_start = .
 *(.vectors)
 .vectors       0x10000100       0xd4 CMakeFiles/pio_dac_sine.dir/home/nanjundaradhyahy/pico/pico-sdk/src/rp2_common/pico_crt0/crt0.S.o
                0x10000100                __vectors
                0x10000100                __VECTOR_TABLE
                0x100001c0                isr_irq30
                0x100001c0                __unhandled_user_irq
                0x100001c0                isr_irq13
                0x100001c0                isr_irq27
                0x100001c0                isr_irq31
                0x100001c0                isr_irq5
                0x100001c0                isr_irq11
                0x100001c0                isr_irq23
                0x100001c0                isr_irq18
                0x100001c0                isr_irq28
                0x100001c0                isr_irq19
                0x100001c0                isr_irq0
                0x100001c0                isr_irq6
                0x100001c0                isr_irq22
                0x100001c0                isr_irq17
                0x100001c0                isr_irq14
                0x100001c0                __vectors_end
                0x100001c0                __default_isrs_start
                0x100001c0                isr_irq2
                0x100001c0                isr_irq10
                0x100001c0                isr_irq8
                0x100001c0                isr_irq24
                0x100001c0                isr_irq1
                0x100001c0                isr_irq7
                0x100001c0                isr_irq21
                0x100001c0                isr_irq20
                0x100001c0                isr_irq15
                0x100001c0                isr_irq25
                0x100001c0                isr_irq4
                0x100001c0                isr_irq16
                0x100001c0                isr_irq29
                0x100001c0                isr_irq26
                0x100001c0                isr_irq3
                0x100001c0                isr_irq12
                0x100001c0                isr_irq9
                0x100001c6                unhandled_user_irq_num_in_r0
                0x100001c8                isr_invalid
                0x100001ca                isr_nmi
                0x100001cc                isr_hardfault
                0x100001ce                isr_svcall
                0x100001d0                isr_pendsv
                0x100001d2                isr_systick
                0x100001d4                __default_isrs_end
 *(.binary_info_header)
 .binary_info_header
                0x100001d4       0x14 CMakeFiles/pio_dac_sine.dir/home/nanjundaradhyahy/pico/pico-sdk/src/rp2_common/pico_crt0/crt0.S.o
                0x100001e8                        __binary_info_header_end = .
 *(.embedded_block)
                0x100001e8                        __embedded_block_end = .
 *(.reset)
 .reset         0x100001e8       0x9c CMakeFiles/pio_dac_sine.dir/home/nanjundaradhyahy/pico/pico-sdk/src/rp2_common/pico_crt0/crt0.S.o
                0x100001e8                _entry_point
 *(.init)
 .init          0x10000284        0x4 /usr/lib/gcc/arm-none-eabi/13.2.1/thumb/v6-m/nofp/crti.o
                0x10000284                _init
 *(EXCLUDE_FILE(*libm.a: *libc.a:*lib_a-mem*.o *libgcc.a:) .text*)
 .text          0x10000288       0x98 /usr/lib/gcc/arm-none-eabi/13.2.1/thumb/v6-m/nofp/crtbegin.o
 .text.pio_irq_handler
                0x10000320       0xc0 CMakeFiles/pio_dac_sine.dir/main.c.o
                0x10000320                pio_irq_handler
 .text.handle_nmr_command
                0x100003e0      0x238 CMakeFiles/pio_dac_sine.dir/main.c.o
                0x100003e0                handle_nmr_command
 .text.handle_incoming_commands
                0x10000618       0x84 CMakeFiles/pio_dac_sine.dir/main.c.o
                0x10000618                handle_incoming_commands
 .text.build_dac_lut
                0x1000069c       0x7c CMakeFiles/pio_dac_sine.dir/main.c.o
                0x1000069c                build_dac_lut
 .text.startup.main
                0x10000718      0x124 CMakeFiles/pio_dac_sine.dir/main.c.o
                0x10000718                main
 .text.gpio_set_function
                0x1000083c       0x34 CMakeFiles/pio_dac_sine.dir/home/nanjundaradhyahy/pico/pico-sdk/src/rp2_common/hardware_gpio/gpio.c.o
                0x1000083c                gpio_set_function
 .text.gpio_set_pulls
                0x10000870       0x28 CMakeFiles/pio_dac_sine.dir/home/nanjundaradhyahy/pico/pico-sdk/src/rp2_common/hardware_gpio/gpio.c.o
                0x10000870                gpio_set_pulls
 .text.gpio_set_input_enabled
                0x10000898       0x28 CMakeFiles/pio_dac_sine.dir/home/nanjundaradhyahy/pico/pico-sdk/src/rp2_common/hardware_gpio/gpio.c.o
                0x10000898                gpio_set_input_enabled
 .text.gpio_init
                0x100008c0       0x40 CMakeFiles/pio_dac_sine.dir/home/nanjundaradhyahy/pico/pico-sdk/src/rp2_common/hardware_gpio/gpio.c.o
                0x100008c0                gpio_init
 .text.gpio_init_mask
                0x10000900       0x64 CMakeFiles/pio_dac_sine.dir/home/nanjundaradhyahy/pico/pico-sdk/src/rp2_common/hardware_gpio/gpio.c.o
                0x10000900                gpio_init_mask
 .text.rp2040_chip_version
                0x10000964        0xc CMakeFiles/pio_dac_sine.dir/home/nanjundaradhyahy/pico/pico-sdk/src/rp2040/pico_platform/platform.c.o
                0x10000964                rp2040_chip_version
 .text.panic    0x10000970       0x30 CMakeFiles/pio_dac_sine.dir/home/nanjundaradhyahy/pico/pico-sdk/src/rp2_common/pico_platform_panic/panic.c.o
                0x10000970                panic
 .text.hw_claim_lock
                0x100009a0       0x18 CMakeFiles/pio_dac_sine.dir/home/nanjundaradhyahy/pico/pico-sdk/src/common/hardware_claim/claim.c.o
                0x100009a0                hw_claim_lock
 .text.hw_claim_unlock
                0x100009b8       0x14 CMakeFiles/pio_dac_sine.dir/home/nanjundaradhyahy/pico/pico-sdk/src/common/hardware_claim/claim.c.o
                0x100009b8                hw_claim_unlock
 .text.hw_claim_or_assert
                0x100009cc       0x44 CMakeFiles/pio_dac_sine.dir/home/nanjundaradhyahy/pico/pico-sdk/src/common/hardware_claim/claim.c.o
                0x100009cc                hw_claim_or_assert
 .text.hw_claim_unused_from_range
                0x10000a10       0x9c CMakeFiles/pio_dac_sine.dir/home/nanjundaradhyahy/pico/pico-sdk/src/common/hardware_claim/claim.c.o
                0x10000a10                hw_claim_unused_from_range
 .text.next_striped_spin_lock_num
                0x10000aac       0x18 CMakeFiles/pio_dac_sine.dir/home/nanjundaradhyahy/pico/pico-sdk/src/rp2_common/hardware_sync/sync.c.o
                0x10000aac                next_striped_spin_lock_num
 .text.spin_lock_claim_unused
                0x10000ac4       0x24 CMakeFiles/pio_dac_sine.dir/home/nanjundaradhyahy/pico/pico-sdk/src/rp2_common/hardware_sync/sync.c.o
                0x10000ac4                spin_lock_claim_unused
 .text.spin_locks_reset
                0x10000ae8       0x1c CMakeFiles/pio_dac_sine.dir/home/nanjundaradhyahy/pico/pico-sdk/src/rp2_common/hardware_sync_spin_lock/sync_spin_lock.c.o
                0x10000ae8                spin_locks_reset
 .text.runtime_init_per_core_irq_priorities
                0x10000b04       0x24 CMakeFiles/pio_dac_sine.dir/home/nanjundaradhyahy/pico/pico-sdk/src/rp2_common/hardware_irq/irq.c.o
                0x10000b04                runtime_init_per_core_irq_priorities
 .text.irq_set_enabled
                0x10000b28       0x24 CMakeFiles/pio_dac_sine.dir/home/nanjundaradhyahy/pico/pico-sdk/src/rp2_common/hardware_irq/irq.c.o
                0x10000b28                irq_set_enabled
 .text.irq_is_enabled
                0x10000b4c       0x18 CMakeFiles/pio_dac_sine.dir/home/nanjundaradhyahy/pico/pico-sdk/src/rp2_common/hardware_irq/irq.c.o
                0x10000b4c                irq_is_enabled
 .text.irq_set_pending
                0x10000b64       0x10 CMakeFiles/pio_dac_sine.dir/home/nanjundaradhyahy/pico/pico-sdk/src/rp2_common/hardware_irq/irq.c.o
                0x10000b64                irq_set_pending
 .text.irq_has_shared_handler
                0x10000b74       0x24 CMakeFiles/pio_dac_sine.dir/home/nanjundaradhyahy/pico/pico-sdk/src/rp2_common/hardware_irq/irq.c.o
                0x10000b74                irq_has_shared_handler
 .text.irq_set_exclusive_handler
                0x10000b98       0x54 CMakeFiles/pio_dac_sine.dir/home/nanjundaradhyahy/pico/pico-sdk/src/rp2_common/hardware_irq/irq.c.o
                0x10000b98                irq_set_exclusive_handler
 .text.irq_add_shared_handler
                0x10000bec      0x1f4 CMakeFiles/pio_dac_sine.dir/home/nanjundaradhyahy/pico/pico-sdk/src/rp2_common/hardware_irq/irq.c.o
                0x10000bec                irq_add_shared_handler
 .text.irq_add_tail_to_free_list
                0x10000de0       0xb4 CMakeFiles/pio_dac_sine.dir/home/nanjundaradhyahy/pico/pico-sdk/src/rp2_common/hardware_irq/irq.c.o
                0x10000de0                irq_add_tail_to_free_list
 .text.user_irq_claim_unused
                0x10000e94       0x2c CMakeFiles/pio_dac_sine.dir/home/nanjundaradhyahy/pico/pico-sdk/src/rp2_common/hardware_irq/irq.c.o
                0x10000e94                user_irq_claim_unused
 .text.lock_init
                0x10000ec0       0x10 CMakeFiles/pio_dac_sine.dir/home/nanjundaradhyahy/pico/pico-sdk/src/common/pico_sync/lock_core.c.o
                0x10000ec0                lock_init
 .text.runtime_init_mutex
                0x10000ed0       0x50 CMakeFiles/pio_dac_sine.dir/home/nanjundaradhyahy/pico/pico-sdk/src/common/pico_sync/mutex.c.o
                0x10000ed0                runtime_init_mutex
 .text.mutex_init
                0x10000f20       0x1c CMakeFiles/pio_dac_sine.dir/home/nanjundaradhyahy/pico/pico-sdk/src/common/pico_sync/mutex.c.o
                0x10000f20                mutex_init
 .text.critical_section_init
                0x10000f3c       0x1c CMakeFiles/pio_dac_sine.dir/home/nanjundaradhyahy/pico/pico-sdk/src/common/pico_sync/critical_section.c.o
                0x10000f3c                critical_section_init
 .text.critical_section_init_with_lock_num
                0x10000f58       0x14 CMakeFiles/pio_dac_sine.dir/home/nanjundaradhyahy/pico/pico-sdk/src/common/pico_sync/critical_section.c.o
                0x10000f58                critical_section_init_with_lock_num
 .text.sleep_until_callback
                0x10000f6c       0x30 CMakeFiles/pio_dac_sine.dir/home/nanjundaradhyahy/pico/pico-sdk/src/common/pico_time/time.c.o
 .text.alarm_pool_irq_handler
                0x10000f9c      0x2fc CMakeFiles/pio_dac_sine.dir/home/nanjundaradhyahy/pico/pico-sdk/src/common/pico_time/time.c.o
 .text.runtime_init_default_alarm_pool
                0x10001298       0xdc CMakeFiles/pio_dac_sine.dir/home/nanjundaradhyahy/pico/pico-sdk/src/common/pico_time/time.c.o
                0x10001298                runtime_init_default_alarm_pool
 .text.alarm_pool_get_default
                0x10001374        0x8 CMakeFiles/pio_dac_sine.dir/home/nanjundaradhyahy/pico/pico-sdk/src/common/pico_time/time.c.o
                0x10001374                alarm_pool_get_default
 .text.alarm_pool_add_alarm_at
                0x1000137c       0xd4 CMakeFiles/pio_dac_sine.dir/home/nanjundaradhyahy/pico/pico-sdk/src/common/pico_time/time.c.o
                0x1000137c                alarm_pool_add_alarm_at
 .text.alarm_pool_add_alarm_at_force_in_context
                0x10001450       0xb0 CMakeFiles/pio_dac_sine.dir/home/nanjundaradhyahy/pico/pico-sdk/src/common/pico_time/time.c.o
                0x10001450                alarm_pool_add_alarm_at_force_in_context
 .text.alarm_pool_cancel_alarm
                0x10001500       0x74 CMakeFiles/pio_dac_sine.dir/home/nanjundaradhyahy/pico/pico-sdk/src/common/pico_time/time.c.o
                0x10001500                alarm_pool_cancel_alarm
 .text.alarm_pool_core_num
                0x10001574        0x4 CMakeFiles/pio_dac_sine.dir/home/nanjundaradhyahy/pico/pico-sdk/src/common/pico_time/time.c.o
                0x10001574                alarm_pool_core_num
 .text.sleep_until
                0x10001578       0xd8 CMakeFiles/pio_dac_sine.dir/home/nanjundaradhyahy/pico/pico-sdk/src/common/pico_time/time.c.o
                0x10001578                sleep_until
 .text.sleep_ms
                0x10001650       0x38 CMakeFiles/pio_dac_sine.dir/home/nanjundaradhyahy/pico/pico-sdk/src/common/pico_time/time.c.o
                0x10001650                sleep_ms
 .text.best_effort_wfe_or_timeout
                0x10001688       0xf8 CMakeFiles/pio_dac_sine.dir/home/nanjundaradhyahy/pico/pico-sdk/src/common/pico_time/time.c.o
                0x10001688                best_effort_wfe_or_timeout
 .text.timer_hardware_alarm_claim
                0x10001780       0x14 CMakeFiles/pio_dac_sine.dir/home/nanjundaradhyahy/pico/pico-sdk/src/rp2_common/hardware_timer/timer.c.o
                0x10001780                timer_hardware_alarm_claim
 .text.timer_time_us_64
                0x10001794       0x10 CMakeFiles/pio_dac_sine.dir/home/nanjundaradhyahy/pico/pico-sdk/src/rp2_common/hardware_timer/timer.c.o
                0x10001794                timer_time_us_64
 .text.time_us_64
                0x100017a4       0x14 CMakeFiles/pio_dac_sine.dir/home/nanjundaradhyahy/pico/pico-sdk/src/rp2_common/hardware_timer/timer.c.o
                0x100017a4                time_us_64
 .text.busy_wait_us
                0x100017b8       0x68 CMakeFiles/pio_dac_sine.dir/home/nanjundaradhyahy/pico/pico-sdk/src/rp2_common/hardware_timer/timer.c.o
                0x100017b8                busy_wait_us
 .text.busy_wait_until
                0x10001820       0x20 CMakeFiles/pio_dac_sine.dir/home/nanjundaradhyahy/pico/pico-sdk/src/rp2_common/hardware_timer/timer.c.o
                0x10001820                busy_wait_until
 .text.clock_configure_int_divider
                0x10001840       0xf4 CMakeFiles/pio_dac_sine.dir/home/nanjundaradhyahy/pico/pico-sdk/src/rp2_common/hardware_clocks/clocks.c.o
                0x10001840                clock_configure_int_divider
 .text.clock_configure_undivided
                0x10001934       0xe8 CMakeFiles/pio_dac_sine.dir/home/nanjundaradhyahy/pico/pico-sdk/src/rp2_common/hardware_clocks/clocks.c.o
                0x10001934                clock_configure_undivided
 .text.clock_get_hz
                0x10001a1c        0xc CMakeFiles/pio_dac_sine.dir/home/nanjundaradhyahy/pico/pico-sdk/src/rp2_common/hardware_clocks/clocks.c.o
                0x10001a1c                clock_get_hz
 .text.pll_init
                0x10001a28       0xa4 CMakeFiles/pio_dac_sine.dir/home/nanjundaradhyahy/pico/pico-sdk/src/rp2_common/hardware_pll/pll.c.o
                0x10001a28                pll_init
 .text.watchdog_reboot
                0x10001acc       0x9c CMakeFiles/pio_dac_sine.dir/home/nanjundaradhyahy/pico/pico-sdk/src/rp2_common/hardware_watchdog/watchdog.c.o
                0x10001acc                watchdog_reboot
 .text.tick_start
                0x10001b68       0x10 CMakeFiles/pio_dac_sine.dir/home/nanjundaradhyahy/pico/pico-sdk/src/rp2_common/hardware_ticks/ticks.c.o
                0x10001b68                tick_start
 .text.rom_func_lookup
                0x10001b78       0x10 CMakeFiles/pio_dac_sine.dir/home/nanjundaradhyahy/pico/pico-sdk/src/rp2_common/pico_bootrom/bootrom.c.o
                0x10001b78                rom_func_lookup
 .text.rom_data_lookup
                0x10001b88       0x10 CMakeFiles/pio_dac_sine.dir/home/nanjundaradhyahy/pico/pico-sdk/src/rp2_common/pico_bootrom/bootrom.c.o
                0x10001b88                rom_data_lookup
 .text.rom_funcs_lookup
                0x10001b98       0x44 CMakeFiles/pio_dac_sine.dir/home/nanjundaradhyahy/pico/pico-sdk/src/rp2_common/pico_bootrom/bootrom.c.o
                0x10001b98                rom_funcs_lookup
 .text.rom_reset_usb_boot_extra
                0x10001bdc       0x28 CMakeFiles/pio_dac_sine.dir/home/nanjundaradhyahy/pico/pico-sdk/src/rp2_common/pico_bootrom/bootrom.c.o
                0x10001bdc                rom_reset_usb_boot_extra
 .text.xosc_init
                0x10001c04       0x28 CMakeFiles/pio_dac_sine.dir/home/nanjundaradhyahy/pico/pico-sdk/src/rp2_common/hardware_xosc/xosc.c.o
                0x10001c04                xosc_init
 .text.first_per_core_initializer
                0x10001c2c        0x4 CMakeFiles/pio_dac_sine.dir/home/nanjundaradhyahy/pico/pico-sdk/src/rp2_common/pico_runtime/runtime.c.o
 .text.hard_assertion_failure
                0x10001c30        0xc CMakeFiles/pio_dac_sine.dir/home/nanjundaradhyahy/pico/pico-sdk/src/rp2_common/pico_runtime/runtime.c.o
                0x10001c30                hard_assertion_failure
 .text.runtime_run_initializers
                0x10001c3c       0x28 CMakeFiles/pio_dac_sine.dir/home/nanjundaradhyahy/pico/pico-sdk/src/rp2_common/pico_runtime/runtime.c.o
                0x10001c3c                runtime_run_initializers
 .text.runtime_init_early_resets
                0x10001c64       0x2c CMakeFiles/pio_dac_sine.dir/home/nanjundaradhyahy/pico/pico-sdk/src/rp2_common/pico_runtime_init/runtime_init.c.o
                0x10001c64                runtime_init_early_resets
 .text.runtime_init_usb_power_down
                0x10001c90       0x1c CMakeFiles/pio_dac_sine.dir/home/nanjundaradhyahy/pico/pico-sdk/src/rp2_common/pico_runtime_init/runtime_init.c.o
                0x10001c90                runtime_init_usb_power_down
 .text.runtime_init_post_clock_resets
                0x10001cac       0x20 CMakeFiles/pio_dac_sine.dir/home/nanjundaradhyahy/pico/pico-sdk/src/rp2_common/pico_runtime_init/runtime_init.c.o
                0x10001cac                runtime_init_post_clock_resets
 .text.runtime_init_rp2040_gpio_ie_disable
                0x10001ccc       0x14 CMakeFiles/pio_dac_sine.dir/home/nanjundaradhyahy/pico/pico-sdk/src/rp2_common/pico_runtime_init/runtime_init.c.o
                0x10001ccc                runtime_init_rp2040_gpio_ie_disable
 .text.runtime_init_spin_locks_reset
                0x10001ce0        0x8 CMakeFiles/pio_dac_sine.dir/home/nanjundaradhyahy/pico/pico-sdk/src/rp2_common/pico_runtime_init/runtime_init.c.o
                0x10001ce0                runtime_init_spin_locks_reset
 .text.runtime_init_install_ram_vector_table
                0x10001ce8       0xb4 CMakeFiles/pio_dac_sine.dir/home/nanjundaradhyahy/pico/pico-sdk/src/rp2_common/pico_runtime_init/runtime_init.c.o
                0x10001ce8                runtime_init_install_ram_vector_table
 .text.runtime_init_clocks
                0x10001d9c       0xd8 CMakeFiles/pio_dac_sine.dir/home/nanjundaradhyahy/pico/pico-sdk/src/rp2_common/pico_runtime_init/runtime_init_clocks.c.o
                0x10001d9c                runtime_init_clocks
 .text          0x10001e74       0x10 CMakeFiles/pio_dac_sine.dir/home/nanjundaradhyahy/pico/pico-sdk/src/rp2_common/pico_bit_ops/bit_ops_aeabi.S.o
 .text.__wrap___aeabi_idiv
                0x10001e84       0x50 CMakeFiles/pio_dac_sine.dir/home/nanjundaradhyahy/pico/pico-sdk/src/rp2_common/pico_divider/divider_hardware.S.o
                0x10001e84                __wrap___aeabi_idivmod
                0x10001e84                divmod_s32s32
                0x10001e84                div_s32s32
                0x10001e84                __wrap___aeabi_idiv
                0x10001e8c                divmod_s32s32_unsafe
                0x10001eb8                divmod_s32s32_savestate
 .text.__wrap___aeabi_uidiv
                0x10001ed4       0x4c CMakeFiles/pio_dac_sine.dir/home/nanjundaradhyahy/pico/pico-sdk/src/rp2_common/pico_divider/divider_hardware.S.o
                0x10001ed4                __wrap___aeabi_uidiv
                0x10001ed4                __wrap___aeabi_uidivmod
                0x10001ed4                div_u32u32
                0x10001ed4                divmod_u32u32
                0x10001edc                divmod_u32u32_unsafe
                0x10001f04                divmod_u32u32_savestate
 .text.__wrap___aeabi_ldiv
                0x10001f20      0x424 CMakeFiles/pio_dac_sine.dir/home/nanjundaradhyahy/pico/pico-sdk/src/rp2_common/pico_divider/divider_hardware.S.o
                0x10001f20                div_s64s64
                0x10001f20                divmod_s64s64
                0x10001f20                __wrap___aeabi_ldivmod
                0x10001f50                div_u64u64
                0x10001f50                divmod_u64u64
                0x10001f50                __wrap___aeabi_uldivmod
                0x10001f60                divmod_u64u64_savestate
                0x10001f80                divmod_s64s64_unsafe
                0x10002008                divmod_u64u64_unsafe
 .text.__wrap___aeabi_darithmetic
                0x10002344       0x80 CMakeFiles/pio_dac_sine.dir/home/nanjundaradhyahy/pico/pico-sdk/src/rp2_common/pico_double/double_aeabi_rp2040.S.o
                0x10002344                __wrap___aeabi_drsub
                0x1000234a                __wrap___aeabi_dsub
                0x1000235c                __wrap___aeabi_dadd
                0x1000236e                __wrap___aeabi_ddiv
                0x100023aa                __wrap___aeabi_dmul
 .text.__wrap___aeabi_cdcmple
                0x100023c4       0x6c CMakeFiles/pio_dac_sine.dir/home/nanjundaradhyahy/pico/pico-sdk/src/rp2_common/pico_double/double_aeabi_rp2040.S.o
                0x100023c4                __wrap___aeabi_cdrcmple
                0x100023d4                __wrap___aeabi_cdcmple
                0x100023d4                __wrap___aeabi_cdcmpeq
 .text.__wrap___aeabi_dcmpeq
                0x10002430       0x10 CMakeFiles/pio_dac_sine.dir/home/nanjundaradhyahy/pico/pico-sdk/src/rp2_common/pico_double/double_aeabi_rp2040.S.o
                0x10002430                __wrap___aeabi_dcmpeq
 .text.__wrap___aeabi_dcmplt
                0x10002440        0xc CMakeFiles/pio_dac_sine.dir/home/nanjundaradhyahy/pico/pico-sdk/src/rp2_common/pico_double/double_aeabi_rp2040.S.o
                0x10002440                __wrap___aeabi_dcmplt
 .text.__wrap___aeabi_dcmple
                0x1000244c       0x10 CMakeFiles/pio_dac_sine.dir/home/nanjundaradhyahy/pico/pico-sdk/src/rp2_common/pico_double/double_aeabi_rp2040.S.o
                0x1000244c                __wrap___aeabi_dcmple
 .text.__wrap___aeabi_dcmpge
                0x1000245c       0x10 CMakeFiles/pio_dac_sine.dir/home/nanjundaradhyahy/pico/pico-sdk/src/rp2_common/pico_double/double_aeabi_rp2040.S.o
                0x1000245c                __wrap___aeabi_dcmpge
 .text.__wrap___aeabi_dcmpgt
                0x1000246c        0xa CMakeFiles/pio_dac_sine.dir/home/nanjundaradhyahy/pico/pico-sdk/src/rp2_common/pico_double/double_aeabi_rp2040.S.o
                0x1000246c                __wrap___aeabi_dcmpgt
 .text.__wrap___aeabi_dcmpun
                0x10002476       0x18 CMakeFiles/pio_dac_sine.dir/home/nanjundaradhyahy/pico/pico-sdk/src/rp2_common/pico_double/double_aeabi_rp2040.S.o
                0x10002476                __wrap___aeabi_dcmpun
 *fill*         0x1000248e        0x2 
 .text.__wrap___aeabi_i2d
                0x10002490       0x38 CMakeFiles/pio_dac_sine.dir/home/nanjundaradhyahy/pico/pico-sdk/src/rp2_common/pico_double/double_aeabi_rp2040.S.o
                0x10002490                __wrap___aeabi_ui2d
                0x10002490                uint2double
                0x10002498                __wrap___aeabi_i2d
                0x10002498                int2double
 .text.__wrap___aeabi_d2iz
                0x100024c8       0x48 CMakeFiles/pio_dac_sine.dir/home/nanjundaradhyahy/pico/pico-sdk/src/rp2_common/pico_double/double_aeabi_rp2040.S.o
                0x100024c8                __wrap___aeabi_d2iz
                0x100024c8                double2int_z
 .text.__wrap___aeabi_d2uiz
                0x10002510       0x18 CMakeFiles/pio_dac_sine.dir/home/nanjundaradhyahy/pico/pico-sdk/src/rp2_common/pico_double/double_aeabi_rp2040.S.o
                0x10002510                double2uint_z
                0x10002510                double2uint
                0x10002510                __wrap___aeabi_d2uiz
 .text.__wrap___aeabi_l2d
                0x10002528       0x18 CMakeFiles/pio_dac_sine.dir/home/nanjundaradhyahy/pico/pico-sdk/src/rp2_common/pico_double/double_aeabi_rp2040.S.o
                0x10002528                __wrap___aeabi_l2d
                0x10002528                int642double
 .text.__wrap___aeabi_d2lz
                0x10002540       0x26 CMakeFiles/pio_dac_sine.dir/home/nanjundaradhyahy/pico/pico-sdk/src/rp2_common/pico_double/double_aeabi_rp2040.S.o
                0x10002540                __wrap___aeabi_d2lz
                0x10002540                double2int64_z
 *fill*         0x10002566        0x2 
 .text.double2int64
                0x10002568       0x18 CMakeFiles/pio_dac_sine.dir/home/nanjundaradhyahy/pico/pico-sdk/src/rp2_common/pico_double/double_aeabi_rp2040.S.o
                0x10002568                double2int64
 .text.double2ufix64
                0x10002580       0x18 CMakeFiles/pio_dac_sine.dir/home/nanjundaradhyahy/pico/pico-sdk/src/rp2_common/pico_double/double_aeabi_rp2040.S.o
                0x10002580                double2ufix64
                0x10002580                double2ufix64_z
 .text.__wrap___aeabi_d2f
                0x10002598       0x18 CMakeFiles/pio_dac_sine.dir/home/nanjundaradhyahy/pico/pico-sdk/src/rp2_common/pico_double/double_aeabi_rp2040.S.o
                0x10002598                __wrap___aeabi_d2f
 .text.__aeabi_double_init
                0x100025b0       0xa4 CMakeFiles/pio_dac_sine.dir/home/nanjundaradhyahy/pico/pico-sdk/src/rp2_common/pico_double/double_init_rom_rp2040.c.o
                0x100025b0                __aeabi_double_init
 .text.double_table_shim_on_use_helper
                0x10002654       0x2c CMakeFiles/pio_dac_sine.dir/home/nanjundaradhyahy/pico/pico-sdk/src/rp2_common/pico_double/double_v1_rom_shim_rp2040.S.o
                0x10002654                double_table_shim_on_use_helper
 .text.__wrap___aeabi_dsub
                0x10002680       0x10 CMakeFiles/pio_dac_sine.dir/home/nanjundaradhyahy/pico/pico-sdk/src/rp2_common/pico_double/double_v1_rom_shim_rp2040.S.o
                0x10002680                drsub_shim
                0x10002686                dsub_shim
 .text.dadd_shim
                0x10002690      0x15c CMakeFiles/pio_dac_sine.dir/home/nanjundaradhyahy/pico/pico-sdk/src/rp2_common/pico_double/double_v1_rom_shim_rp2040.S.o
                0x10002690                dadd_shim
 .text.dmul_shim
                0x100027ec      0x15c CMakeFiles/pio_dac_sine.dir/home/nanjundaradhyahy/pico/pico-sdk/src/rp2_common/pico_double/double_v1_rom_shim_rp2040.S.o
                0x100027ec                dmul_shim
 .text.ddiv_shim
                0x10002948      0x1b0 CMakeFiles/pio_dac_sine.dir/home/nanjundaradhyahy/pico/pico-sdk/src/rp2_common/pico_double/double_v1_rom_shim_rp2040.S.o
                0x10002948                ddiv_shim
 .text.double2uint_shim
                0x10002af8        0xe CMakeFiles/pio_dac_sine.dir/home/nanjundaradhyahy/pico/pico-sdk/src/rp2_common/pico_double/double_v1_rom_shim_rp2040.S.o
                0x10002af8                double2uint_shim
                0x10002afa                double2ufix_shim
 .text.double2int64_shim
                0x10002b06       0x1a CMakeFiles/pio_dac_sine.dir/home/nanjundaradhyahy/pico/pico-sdk/src/rp2_common/pico_double/double_v1_rom_shim_rp2040.S.o
                0x10002b06                double2int64_shim
                0x10002b08                double2fix64_shim
 .text.double2uint64_shim
                0x10002b20       0x70 CMakeFiles/pio_dac_sine.dir/home/nanjundaradhyahy/pico/pico-sdk/src/rp2_common/pico_double/double_v1_rom_shim_rp2040.S.o
                0x10002b20                double2uint64_shim
                0x10002b22                double2ufix64_shim
                0x10002b42                d2fix_a
 .text.double2float_shim
                0x10002b90       0x5c CMakeFiles/pio_dac_sine.dir/home/nanjundaradhyahy/pico/pico-sdk/src/rp2_common/pico_double/double_v1_rom_shim_rp2040.S.o
                0x10002b90                double2float_shim
 .text.x2double_shims
                0x10002bec       0x90 CMakeFiles/pio_dac_sine.dir/home/nanjundaradhyahy/pico/pico-sdk/src/rp2_common/pico_double/double_v1_rom_shim_rp2040.S.o
                0x10002bec                uint2double_shim
                0x10002bee                ufix2double_shim
                0x10002bf4                int2double_shim
                0x10002bf6                fix2double_shim
                0x10002bfc                uint642double_shim
                0x10002bfe                ufix642double_shim
                0x10002c04                int642double_shim
                0x10002c06                fix642double_shim
 .text.dunpacks
                0x10002c7c       0x3c CMakeFiles/pio_dac_sine.dir/home/nanjundaradhyahy/pico/pico-sdk/src/rp2_common/pico_double/double_v1_rom_shim_rp2040.S.o
                0x10002c7c                dunpacks
 .text.__aeabi_lmul
                0x10002cb8       0x32 CMakeFiles/pio_dac_sine.dir/home/nanjundaradhyahy/pico/pico-sdk/src/rp2_common/pico_int64_ops/pico_int64_ops_aeabi.S.o
                0x10002cb8                __wrap___aeabi_lmul
 *fill*         0x10002cea        0x2 
 .text.__wrap___aeabi_farithmetic
                0x10002cec       0x48 CMakeFiles/pio_dac_sine.dir/home/nanjundaradhyahy/pico/pico-sdk/src/rp2_common/pico_float/float_aeabi_rp2040.S.o
                0x10002cec                __wrap___aeabi_frsub
                0x10002cf2                __wrap___aeabi_fsub
                0x10002cf8                __wrap___aeabi_fadd
                0x10002cfe                __wrap___aeabi_fdiv
                0x10002d26                __wrap___aeabi_fmul
 .text.__wrap___aeabi_cfcmple
                0x10002d34       0x50 CMakeFiles/pio_dac_sine.dir/home/nanjundaradhyahy/pico/pico-sdk/src/rp2_common/pico_float/float_aeabi_rp2040.S.o
                0x10002d34                __wrap___aeabi_cfrcmple
                0x10002d40                __wrap___aeabi_cfcmpeq
                0x10002d40                __wrap___aeabi_cfcmple
 .text.__wrap___aeabi_fcmple
                0x10002d84       0x10 CMakeFiles/pio_dac_sine.dir/home/nanjundaradhyahy/pico/pico-sdk/src/rp2_common/pico_float/float_aeabi_rp2040.S.o
                0x10002d84                __wrap___aeabi_fcmple
 .text.__wrap___aeabi_fcmpun
                0x10002d94       0x18 CMakeFiles/pio_dac_sine.dir/home/nanjundaradhyahy/pico/pico-sdk/src/rp2_common/pico_float/float_aeabi_rp2040.S.o
                0x10002d94                __wrap___aeabi_fcmpun
 .text.__wrap___aeabi_ui2f
                0x10002dac        0xa CMakeFiles/pio_dac_sine.dir/home/nanjundaradhyahy/pico/pico-sdk/src/rp2_common/pico_float/float_aeabi_rp2040.S.o
                0x10002dac                uint2float
                0x10002dac                __wrap___aeabi_ui2f
 *fill*         0x10002db6        0x2 
 .text.__wrap___aeabi_i2f
                0x10002db8       0x44 CMakeFiles/pio_dac_sine.dir/home/nanjundaradhyahy/pico/pico-sdk/src/rp2_common/pico_float/float_aeabi_rp2040.S.o
                0x10002db8                int2float
                0x10002db8                __wrap___aeabi_i2f
 .text.__wrap___aeabi_f2uiz
                0x10002dfc        0xc CMakeFiles/pio_dac_sine.dir/home/nanjundaradhyahy/pico/pico-sdk/src/rp2_common/pico_float/float_aeabi_rp2040.S.o
                0x10002dfc                float2uint
                0x10002dfc                float2uint_z
                0x10002dfc                __wrap___aeabi_f2uiz
 .text.__aeabi_float_init
                0x10002e08       0x64 CMakeFiles/pio_dac_sine.dir/home/nanjundaradhyahy/pico/pico-sdk/src/rp2_common/pico_float/float_init_rom_rp2040.c.o
                0x10002e08                __aeabi_float_init
 .text.float_table_shim_on_use_helper
                0x10002e6c       0x2c CMakeFiles/pio_dac_sine.dir/home/nanjundaradhyahy/pico/pico-sdk/src/rp2_common/pico_float/float_v1_rom_shim_rp2040.S.o
                0x10002e6c                float_table_shim_on_use_helper
 .text          0x10002e98       0x10 CMakeFiles/pio_dac_sine.dir/home/nanjundaradhyahy/pico/pico-sdk/src/rp2_common/pico_mem_ops/mem_ops_aeabi.S.o
                0x10002e98                __aeabi_mem_init
 .text.memset   0x10002ea8        0xc CMakeFiles/pio_dac_sine.dir/home/nanjundaradhyahy/pico/pico-sdk/src/rp2_common/pico_mem_ops/mem_ops_aeabi.S.o
                0x10002ea8                __wrap_memset
 .text.memcpy   0x10002eb4        0xc CMakeFiles/pio_dac_sine.dir/home/nanjundaradhyahy/pico/pico-sdk/src/rp2_common/pico_mem_ops/mem_ops_aeabi.S.o
                0x10002eb4                __wrap___aeabi_memcpy
                0x10002eb4                __wrap_memcpy
 .text._out_buffer
                0x10002ec0        0x8 CMakeFiles/pio_dac_sine.dir/home/nanjundaradhyahy/pico/pico-sdk/src/rp2_common/pico_printf/printf.c.o
 .text._out_null
                0x10002ec8        0x4 CMakeFiles/pio_dac_sine.dir/home/nanjundaradhyahy/pico/pico-sdk/src/rp2_common/pico_printf/printf.c.o
 .text._out_rev
                0x10002ecc       0xac CMakeFiles/pio_dac_sine.dir/home/nanjundaradhyahy/pico/pico-sdk/src/rp2_common/pico_printf/printf.c.o
 .text._ntoa_format
                0x10002f78      0x250 CMakeFiles/pio_dac_sine.dir/home/nanjundaradhyahy/pico/pico-sdk/src/rp2_common/pico_printf/printf.c.o
 .text._out_char
                0x100031c8       0x10 CMakeFiles/pio_dac_sine.dir/home/nanjundaradhyahy/pico/pico-sdk/src/rp2_common/pico_printf/printf.c.o
 .text._out_fct
                0x100031d8       0x10 CMakeFiles/pio_dac_sine.dir/home/nanjundaradhyahy/pico/pico-sdk/src/rp2_common/pico_printf/printf.c.o
 .text._etoa    0x100031e8      0x464 CMakeFiles/pio_dac_sine.dir/home/nanjundaradhyahy/pico/pico-sdk/src/rp2_common/pico_printf/printf.c.o
 .text._ftoa    0x1000364c      0x3c0 CMakeFiles/pio_dac_sine.dir/home/nanjundaradhyahy/pico/pico-sdk/src/rp2_common/pico_printf/printf.c.o
 .text._vsnprintf
                0x10003a0c      0xbc8 CMakeFiles/pio_dac_sine.dir/home/nanjundaradhyahy/pico/pico-sdk/src/rp2_common/pico_printf/printf.c.o
 .text.__wrap_sprintf
                0x100045d4       0x2c CMakeFiles/pio_dac_sine.dir/home/nanjundaradhyahy/pico/pico-sdk/src/rp2_common/pico_printf/printf.c.o
                0x100045d4                __wrap_sprintf
 .text.vfctprintf
                0x10004600       0x20 CMakeFiles/pio_dac_sine.dir/home/nanjundaradhyahy/pico/pico-sdk/src/rp2_common/pico_printf/printf.c.o
                0x10004600                vfctprintf
 .text.weak_raw_printf
                0x10004620       0x40 CMakeFiles/pio_dac_sine.dir/home/nanjundaradhyahy/pico/pico-sdk/src/rp2_common/pico_printf/printf.c.o
                0x10004620                weak_raw_printf
 .text.weak_raw_vprintf
                0x10004660       0x30 CMakeFiles/pio_dac_sine.dir/home/nanjundaradhyahy/pico/pico-sdk/src/rp2_common/pico_printf/printf.c.o
                0x10004660                weak_raw_vprintf
 .text._exit    0x10004690        0x4 CMakeFiles/pio_dac_sine.dir/home/nanjundaradhyahy/pico/pico-sdk/src/rp2_common/pico_clib_interface/newlib_interface.c.o
                0x10004690                _exit
 .text._sbrk    0x10004694       0x34 CMakeFiles/pio_dac_sine.dir/home/nanjundaradhyahy/pico/pico-sdk/src/rp2_common/pico_clib_interface/newlib_interface.c.o
                0x10004694                _sbrk
 .text._read    0x100046c8       0x24 CMakeFiles/pio_dac_sine.dir/home/nanjundaradhyahy/pico/pico-sdk/src/rp2_common/pico_clib_interface/newlib_interface.c.o
                0x100046c8                _read
 .text._write   0x100046ec       0x24 CMakeFiles/pio_dac_sine.dir/home/nanjundaradhyahy/pico/pico-sdk/src/rp2_common/pico_clib_interface/newlib_interface.c.o
                0x100046ec                _write
 .text._close   0x10004710        0x8 CMakeFiles/pio_dac_sine.dir/home/nanjundaradhyahy/pico/pico-sdk/src/rp2_common/pico_clib_interface/newlib_interface.c.o
                0x10004710                _close
 .text._lseek   0x10004718        0x8 CMakeFiles/pio_dac_sine.dir/home/nanjundaradhyahy/pico/pico-sdk/src/rp2_common/pico_clib_interface/newlib_interface.c.o
                0x10004718                _lseek
 .text._fstat   0x10004720        0x8 CMakeFiles/pio_dac_sine.dir/home/nanjundaradhyahy/pico/pico-sdk/src/rp2_common/pico_clib_interface/newlib_interface.c.o
                0x10004720                _fstat
 .text._isatty  0x10004728        0xc CMakeFiles/pio_dac_sine.dir/home/nanjundaradhyahy/pico/pico-sdk/src/rp2_common/pico_clib_interface/newlib_interface.c.o
                0x10004728                _isatty
 .text.exit     0x10004734        0x8 CMakeFiles/pio_dac_sine.dir/home/nanjundaradhyahy/pico/pico-sdk/src/rp2_common/pico_clib_interface/newlib_interface.c.o
                0x10004734                exit
 .text.__assert_func
                0x1000473c       0x38 CMakeFiles/pio_dac_sine.dir/home/nanjundaradhyahy/pico/pico-sdk/src/rp2_common/pico_clib_interface/newlib_interface.c.o
                0x1000473c                __assert_func
 .text.runtime_init
                0x10004774       0x2c CMakeFiles/pio_dac_sine.dir/home/nanjundaradhyahy/pico/pico-sdk/src/rp2_common/pico_clib_interface/newlib_interface.c.o
                0x10004774                runtime_init
 .text.stdio_out_chars_no_crlf
                0x100047a0       0x10 CMakeFiles/pio_dac_sine.dir/home/nanjundaradhyahy/pico/pico-sdk/src/rp2_common/pico_stdio/stdio.c.o
 .text.stdio_out_chars_crlf
                0x100047b0       0x94 CMakeFiles/pio_dac_sine.dir/home/nanjundaradhyahy/pico/pico-sdk/src/rp2_common/pico_stdio/stdio.c.o
 .text.stdio_buffered_printer
                0x10004844       0x64 CMakeFiles/pio_dac_sine.dir/home/nanjundaradhyahy/pico/pico-sdk/src/rp2_common/pico_stdio/stdio.c.o
 .text.stdio_put_string
                0x100048a8      0x100 CMakeFiles/pio_dac_sine.dir/home/nanjundaradhyahy/pico/pico-sdk/src/rp2_common/pico_stdio/stdio.c.o
                0x100048a8                stdio_put_string
 .text.stdio_get_until
                0x100049a8       0x84 CMakeFiles/pio_dac_sine.dir/home/nanjundaradhyahy/pico/pico-sdk/src/rp2_common/pico_stdio/stdio.c.o
                0x100049a8                stdio_get_until
 .text.stdio_set_driver_enabled
                0x10004a2c       0x30 CMakeFiles/pio_dac_sine.dir/home/nanjundaradhyahy/pico/pico-sdk/src/rp2_common/pico_stdio/stdio.c.o
                0x10004a2c                stdio_set_driver_enabled
 .text.stdio_init_all
                0x10004a5c        0x8 CMakeFiles/pio_dac_sine.dir/home/nanjundaradhyahy/pico/pico-sdk/src/rp2_common/pico_stdio/stdio.c.o
                0x10004a5c                stdio_init_all
 .text.stdio_getchar_timeout_us
                0x10004a64       0x98 CMakeFiles/pio_dac_sine.dir/home/nanjundaradhyahy/pico/pico-sdk/src/rp2_common/pico_stdio/stdio.c.o
                0x10004a64                stdio_getchar_timeout_us
 .text.__wrap_putchar
                0x10004afc       0x98 CMakeFiles/pio_dac_sine.dir/home/nanjundaradhyahy/pico/pico-sdk/src/rp2_common/pico_stdio/stdio.c.o
                0x10004afc                stdio_putchar
                0x10004afc                __wrap_putchar
 .text.__wrap_puts
                0x10004b94       0x3c CMakeFiles/pio_dac_sine.dir/home/nanjundaradhyahy/pico/pico-sdk/src/rp2_common/pico_stdio/stdio.c.o
                0x10004b94                __wrap_puts
                0x10004b94                stdio_puts
 .text.__wrap_vprintf
                0x10004bd0       0xd4 CMakeFiles/pio_dac_sine.dir/home/nanjundaradhyahy/pico/pico-sdk/src/rp2_common/pico_stdio/stdio.c.o
                0x10004bd0                __wrap_vprintf
                0x10004bd0                stdio_vprintf
 .text.__wrap_printf
                0x10004ca4       0x18 CMakeFiles/pio_dac_sine.dir/home/nanjundaradhyahy/pico/pico-sdk/src/rp2_common/pico_stdio/stdio.c.o
                0x10004ca4                stdio_printf
                0x10004ca4                __wrap_printf
 .text.resetd_init
                0x10004cbc        0x4 CMakeFiles/pio_dac_sine.dir/home/nanjundaradhyahy/pico/pico-sdk/src/rp2_common/pico_stdio_usb/reset_interface.c.o
 .text.resetd_reset
                0x10004cc0        0xc CMakeFiles/pio_dac_sine.dir/home/nanjundaradhyahy/pico/pico-sdk/src/rp2_common/pico_stdio_usb/reset_interface.c.o
 .text.resetd_open
                0x10004ccc       0x28 CMakeFiles/pio_dac_sine.dir/home/nanjundaradhyahy/pico/pico-sdk/src/rp2_common/pico_stdio_usb/reset_interface.c.o
 .text.resetd_xfer_cb
                0x10004cf4        0x4 CMakeFiles/pio_dac_sine.dir/home/nanjundaradhyahy/pico/pico-sdk/src/rp2_common/pico_stdio_usb/reset_interface.c.o
 .text.resetd_control_xfer_cb
                0x10004cf8       0x5c CMakeFiles/pio_dac_sine.dir/home/nanjundaradhyahy/pico/pico-sdk/src/rp2_common/pico_stdio_usb/reset_interface.c.o
 .text.tud_descriptor_bos_cb
                0x10004d54        0x8 CMakeFiles/pio_dac_sine.dir/home/nanjundaradhyahy/pico/pico-sdk/src/rp2_common/pico_stdio_usb/reset_interface.c.o
                0x10004d54                tud_descriptor_bos_cb
 .text.tud_vendor_control_xfer_cb
                0x10004d5c       0x34 CMakeFiles/pio_dac_sine.dir/home/nanjundaradhyahy/pico/pico-sdk/src/rp2_common/pico_stdio_usb/reset_interface.c.o
                0x10004d5c                tud_vendor_control_xfer_cb
 .text.usbd_app_driver_get_cb
                0x10004d90        0xc CMakeFiles/pio_dac_sine.dir/home/nanjundaradhyahy/pico/pico-sdk/src/rp2_common/pico_stdio_usb/reset_interface.c.o
                0x10004d90                usbd_app_driver_get_cb
 .text.tud_cdc_line_coding_cb
                0x10004d9c       0x2c CMakeFiles/pio_dac_sine.dir/home/nanjundaradhyahy/pico/pico-sdk/src/rp2_common/pico_stdio_usb/reset_interface.c.o
                0x10004d9c                tud_cdc_line_coding_cb
 .text.stdio_usb_set_chars_available_callback
                0x10004dc8       0x14 CMakeFiles/pio_dac_sine.dir/home/nanjundaradhyahy/pico/pico-sdk/src/rp2_common/pico_stdio_usb/stdio_usb.c.o
                0x10004dc8                stdio_usb_set_chars_available_callback
 .text.usb_irq  0x10004ddc       0x10 CMakeFiles/pio_dac_sine.dir/home/nanjundaradhyahy/pico/pico-sdk/src/rp2_common/pico_stdio_usb/stdio_usb.c.o
 .text.timer_task
                0x10004dec       0x64 CMakeFiles/pio_dac_sine.dir/home/nanjundaradhyahy/pico/pico-sdk/src/rp2_common/pico_stdio_usb/stdio_usb.c.o
 .text.stdio_usb_in_chars
                0x10004e50       0x90 CMakeFiles/pio_dac_sine.dir/home/nanjundaradhyahy/pico/pico-sdk/src/rp2_common/pico_stdio_usb/stdio_usb.c.o
                0x10004e50                stdio_usb_in_chars
 .text.stdio_usb_out_flush
                0x10004ee0       0x50 CMakeFiles/pio_dac_sine.dir/home/nanjundaradhyahy/pico/pico-sdk/src/rp2_common/pico_stdio_usb/stdio_usb.c.o
 .text.stdio_usb_out_chars
                0x10004f30      0x104 CMakeFiles/pio_dac_sine.dir/home/nanjundaradhyahy/pico/pico-sdk/src/rp2_common/pico_stdio_usb/stdio_usb.c.o
 .text.low_priority_worker_irq
                0x10005034       0xcc CMakeFiles/pio_dac_sine.dir/home/nanjundaradhyahy/pico/pico-sdk/src/rp2_common/pico_stdio_usb/stdio_usb.c.o
 .text.stdio_usb_init
                0x10005100       0xec CMakeFiles/pio_dac_sine.dir/home/nanjundaradhyahy/pico/pico-sdk/src/rp2_common/pico_stdio_usb/stdio_usb.c.o
                0x10005100                stdio_usb_init
 .text.tud_descriptor_device_cb
                0x100051ec        0x8 CMakeFiles/pio_dac_sine.dir/home/nanjundaradhyahy/pico/pico-sdk/src/rp2_common/pico_stdio_usb/stdio_usb_descriptors.c.o
                0x100051ec                tud_descriptor_device_cb
 .text.tud_descriptor_configuration_cb
                0x100051f4        0x8 CMakeFiles/pio_dac_sine.dir/home/nanjundaradhyahy/pico/pico-sdk/src/rp2_common/pico_stdio_usb/stdio_usb_descriptors.c.o
                0x100051f4                tud_descriptor_configuration_cb
 .text.tud_descriptor_string_cb
                0x100051fc       0x78 CMakeFiles/pio_dac_sine.dir/home/nanjundaradhyahy/pico/pico-sdk/src/rp2_common/pico_stdio_usb/stdio_usb_descriptors.c.o
                0x100051fc                tud_descriptor_string_cb
 .text.startup._retrieve_unique_id_on_boot
                0x10005274       0x10 CMakeFiles/pio_dac_sine.dir/home/nanjundaradhyahy/pico/pico-sdk/src/rp2_common/pico_unique_id/unique_id.c.o
 .text.pico_get_unique_board_id_string
                0x10005284      0x1a8 CMakeFiles/pio_dac_sine.dir/home/nanjundaradhyahy/pico/pico-sdk/src/rp2_common/pico_unique_id/unique_id.c.o
                0x10005284                pico_get_unique_board_id_string
 .text.flash_get_unique_id
                0x1000542c       0x3c CMakeFiles/pio_dac_sine.dir/home/nanjundaradhyahy/pico/pico-sdk/src/rp2_common/hardware_flash/flash.c.o
                0x1000542c                flash_get_unique_id
 .text.dcd_init
                0x10005468       0x90 CMakeFiles/pio_dac_sine.dir/home/nanjundaradhyahy/pico/pico-sdk/lib/tinyusb/src/portable/raspberrypi/rp2040/dcd_rp2040.c.o
                0x10005468                dcd_init
 .text.dcd_int_enable
                0x100054f8        0xc CMakeFiles/pio_dac_sine.dir/home/nanjundaradhyahy/pico/pico-sdk/lib/tinyusb/src/portable/raspberrypi/rp2040/dcd_rp2040.c.o
                0x100054f8                dcd_int_enable
 .text.dcd_set_address
                0x10005504       0x14 CMakeFiles/pio_dac_sine.dir/home/nanjundaradhyahy/pico/pico-sdk/lib/tinyusb/src/portable/raspberrypi/rp2040/dcd_rp2040.c.o
                0x10005504                dcd_set_address
 .text.dcd_sof_enable
                0x10005518       0x1c CMakeFiles/pio_dac_sine.dir/home/nanjundaradhyahy/pico/pico-sdk/lib/tinyusb/src/portable/raspberrypi/rp2040/dcd_rp2040.c.o
                0x10005518                dcd_sof_enable
 .text.dcd_edpt0_status_complete
                0x10005534       0x1c CMakeFiles/pio_dac_sine.dir/home/nanjundaradhyahy/pico/pico-sdk/lib/tinyusb/src/portable/raspberrypi/rp2040/dcd_rp2040.c.o
                0x10005534                dcd_edpt0_status_complete
 .text.dcd_edpt_open
                0x10005550      0x114 CMakeFiles/pio_dac_sine.dir/home/nanjundaradhyahy/pico/pico-sdk/lib/tinyusb/src/portable/raspberrypi/rp2040/dcd_rp2040.c.o
                0x10005550                dcd_edpt_open
 .text.dcd_edpt_close_all
                0x10005664        0x8 CMakeFiles/pio_dac_sine.dir/home/nanjundaradhyahy/pico/pico-sdk/lib/tinyusb/src/portable/raspberrypi/rp2040/dcd_rp2040.c.o
                0x10005664                dcd_edpt_close_all
 .text.dcd_edpt_xfer
                0x1000566c       0x24 CMakeFiles/pio_dac_sine.dir/home/nanjundaradhyahy/pico/pico-sdk/lib/tinyusb/src/portable/raspberrypi/rp2040/dcd_rp2040.c.o
                0x1000566c                dcd_edpt_xfer
 .text.dcd_edpt_stall
                0x10005690       0x34 CMakeFiles/pio_dac_sine.dir/home/nanjundaradhyahy/pico/pico-sdk/lib/tinyusb/src/portable/raspberrypi/rp2040/dcd_rp2040.c.o
                0x10005690                dcd_edpt_stall
 .text.dcd_edpt_clear_stall
                0x100056c4       0x30 CMakeFiles/pio_dac_sine.dir/home/nanjundaradhyahy/pico/pico-sdk/lib/tinyusb/src/portable/raspberrypi/rp2040/dcd_rp2040.c.o
                0x100056c4                dcd_edpt_clear_stall
 .text.rp2040_usb_init
                0x100056f4       0x40 CMakeFiles/pio_dac_sine.dir/home/nanjundaradhyahy/pico/pico-sdk/lib/tinyusb/src/portable/raspberrypi/rp2040/rp2040_usb.c.o
                0x100056f4                rp2040_usb_init
 .text.hw_endpoint_xfer_start
                0x10005734       0x40 CMakeFiles/pio_dac_sine.dir/home/nanjundaradhyahy/pico/pico-sdk/lib/tinyusb/src/portable/raspberrypi/rp2040/rp2040_usb.c.o
                0x10005734                hw_endpoint_xfer_start
 .text.tud_event_hook_cb
                0x10005774        0x4 CMakeFiles/pio_dac_sine.dir/home/nanjundaradhyahy/pico/pico-sdk/lib/tinyusb/src/device/usbd.c.o
                0x10005774                tud_event_hook_cb
 .text.tud_sof_cb
                0x10005778        0x4 CMakeFiles/pio_dac_sine.dir/home/nanjundaradhyahy/pico/pico-sdk/lib/tinyusb/src/device/usbd.c.o
                0x10005778                tud_sof_cb
 .text.tud_descriptor_device_qualifier_cb
                0x1000577c        0x4 CMakeFiles/pio_dac_sine.dir/home/nanjundaradhyahy/pico/pico-sdk/lib/tinyusb/src/device/usbd.c.o
                0x1000577c                tud_descriptor_device_qualifier_cb
 .text.tud_descriptor_other_speed_configuration_cb
                0x10005780        0x4 CMakeFiles/pio_dac_sine.dir/home/nanjundaradhyahy/pico/pico-sdk/lib/tinyusb/src/device/usbd.c.o
                0x10005780                tud_descriptor_other_speed_configuration_cb
 .text.tud_mount_cb
                0x10005784        0x4 CMakeFiles/pio_dac_sine.dir/home/nanjundaradhyahy/pico/pico-sdk/lib/tinyusb/src/device/usbd.c.o
                0x10005784                tud_mount_cb
 .text.tud_umount_cb
                0x10005788        0x4 CMakeFiles/pio_dac_sine.dir/home/nanjundaradhyahy/pico/pico-sdk/lib/tinyusb/src/device/usbd.c.o
                0x10005788                tud_umount_cb
 .text.tud_suspend_cb
                0x1000578c        0x4 CMakeFiles/pio_dac_sine.dir/home/nanjundaradhyahy/pico/pico-sdk/lib/tinyusb/src/device/usbd.c.o
                0x1000578c                tud_suspend_cb
 .text.tud_resume_cb
                0x10005790        0x4 CMakeFiles/pio_dac_sine.dir/home/nanjundaradhyahy/pico/pico-sdk/lib/tinyusb/src/device/usbd.c.o
                0x10005790                tud_resume_cb
 .text.tud_mounted
                0x10005794       0x10 CMakeFiles/pio_dac_sine.dir/home/nanjundaradhyahy/pico/pico-sdk/lib/tinyusb/src/device/usbd.c.o
                0x10005794                tud_mounted
 .text.tud_suspended
                0x100057a4       0x10 CMakeFiles/pio_dac_sine.dir/home/nanjundaradhyahy/pico/pico-sdk/lib/tinyusb/src/device/usbd.c.o
                0x100057a4                tud_suspended
 .text.tud_rhport_init
                0x100057b4       0xfc CMakeFiles/pio_dac_sine.dir/home/nanjundaradhyahy/pico/pico-sdk/lib/tinyusb/src/device/usbd.c.o
                0x100057b4                tud_rhport_init
 .text.tud_task_ext
                0x100058b0      0x800 CMakeFiles/pio_dac_sine.dir/home/nanjundaradhyahy/pico/pico-sdk/lib/tinyusb/src/device/usbd.c.o
                0x100058b0                tud_task_ext
 .text.usbd_open_edpt_pair
                0x100060b0       0x9c CMakeFiles/pio_dac_sine.dir/home/nanjundaradhyahy/pico/pico-sdk/lib/tinyusb/src/device/usbd.c.o
                0x100060b0                usbd_open_edpt_pair
 .text.usbd_edpt_open
                0x1000614c       0x34 CMakeFiles/pio_dac_sine.dir/home/nanjundaradhyahy/pico/pico-sdk/lib/tinyusb/src/device/usbd.c.o
                0x1000614c                usbd_edpt_open
 .text.usbd_edpt_claim
                0x10006180       0x28 CMakeFiles/pio_dac_sine.dir/home/nanjundaradhyahy/pico/pico-sdk/lib/tinyusb/src/device/usbd.c.o
                0x10006180                usbd_edpt_claim
 .text.usbd_edpt_release
                0x100061a8       0x28 CMakeFiles/pio_dac_sine.dir/home/nanjundaradhyahy/pico/pico-sdk/lib/tinyusb/src/device/usbd.c.o
                0x100061a8                usbd_edpt_release
 .text.usbd_edpt_xfer
                0x100061d0       0x4c CMakeFiles/pio_dac_sine.dir/home/nanjundaradhyahy/pico/pico-sdk/lib/tinyusb/src/device/usbd.c.o
                0x100061d0                usbd_edpt_xfer
 .text.tud_control_status
                0x1000621c       0x2c CMakeFiles/pio_dac_sine.dir/home/nanjundaradhyahy/pico/pico-sdk/lib/tinyusb/src/device/usbd_control.c.o
                0x1000621c                tud_control_status
 .text.tud_control_xfer
                0x10006248       0xac CMakeFiles/pio_dac_sine.dir/home/nanjundaradhyahy/pico/pico-sdk/lib/tinyusb/src/device/usbd_control.c.o
                0x10006248                tud_control_xfer
 .text.usbd_control_reset
                0x100062f4       0x14 CMakeFiles/pio_dac_sine.dir/home/nanjundaradhyahy/pico/pico-sdk/lib/tinyusb/src/device/usbd_control.c.o
                0x100062f4                usbd_control_reset
 .text.usbd_control_set_complete_callback
                0x10006308        0xc CMakeFiles/pio_dac_sine.dir/home/nanjundaradhyahy/pico/pico-sdk/lib/tinyusb/src/device/usbd_control.c.o
                0x10006308                usbd_control_set_complete_callback
 .text.usbd_control_set_request
                0x10006314       0x1c CMakeFiles/pio_dac_sine.dir/home/nanjundaradhyahy/pico/pico-sdk/lib/tinyusb/src/device/usbd_control.c.o
                0x10006314                usbd_control_set_request
 .text.usbd_control_xfer_cb
                0x10006330       0xec CMakeFiles/pio_dac_sine.dir/home/nanjundaradhyahy/pico/pico-sdk/lib/tinyusb/src/device/usbd_control.c.o
                0x10006330                usbd_control_xfer_cb
 .text._prep_out_transaction.isra.0
                0x1000641c       0x6c CMakeFiles/pio_dac_sine.dir/home/nanjundaradhyahy/pico/pico-sdk/lib/tinyusb/src/class/cdc/cdc_device.c.o
 .text.tud_cdc_n_connected
                0x10006488       0x2c CMakeFiles/pio_dac_sine.dir/home/nanjundaradhyahy/pico/pico-sdk/lib/tinyusb/src/class/cdc/cdc_device.c.o
                0x10006488                tud_cdc_n_connected
 .text.tud_cdc_n_available
                0x100064b4       0x14 CMakeFiles/pio_dac_sine.dir/home/nanjundaradhyahy/pico/pico-sdk/lib/tinyusb/src/class/cdc/cdc_device.c.o
                0x100064b4                tud_cdc_n_available
 .text.tud_cdc_n_read
                0x100064c8       0x94 CMakeFiles/pio_dac_sine.dir/home/nanjundaradhyahy/pico/pico-sdk/lib/tinyusb/src/class/cdc/cdc_device.c.o
                0x100064c8                tud_cdc_n_read
 .text.tud_cdc_n_write_flush
                0x1000655c       0x74 CMakeFiles/pio_dac_sine.dir/home/nanjundaradhyahy/pico/pico-sdk/lib/tinyusb/src/class/cdc/cdc_device.c.o
                0x1000655c                tud_cdc_n_write_flush
 .text.tud_cdc_n_write
                0x100065d0       0x40 CMakeFiles/pio_dac_sine.dir/home/nanjundaradhyahy/pico/pico-sdk/lib/tinyusb/src/class/cdc/cdc_device.c.o
                0x100065d0                tud_cdc_n_write
 .text.tud_cdc_n_write_available
                0x10006610       0x14 CMakeFiles/pio_dac_sine.dir/home/nanjundaradhyahy/pico/pico-sdk/lib/tinyusb/src/class/cdc/cdc_device.c.o
                0x10006610                tud_cdc_n_write_available
 .text.cdcd_init
                0x10006624       0x70 CMakeFiles/pio_dac_sine.dir/home/nanjundaradhyahy/pico/pico-sdk/lib/tinyusb/src/class/cdc/cdc_device.c.o
                0x10006624                cdcd_init
 .text.cdcd_deinit
                0x10006694       0x34 CMakeFiles/pio_dac_sine.dir/home/nanjundaradhyahy/pico/pico-sdk/lib/tinyusb/src/class/cdc/cdc_device.c.o
                0x10006694                cdcd_deinit
 .text.cdcd_reset
                0x100066c8       0x4c CMakeFiles/pio_dac_sine.dir/home/nanjundaradhyahy/pico/pico-sdk/lib/tinyusb/src/class/cdc/cdc_device.c.o
                0x100066c8                cdcd_reset
 .text.cdcd_open
                0x10006714       0xa8 CMakeFiles/pio_dac_sine.dir/home/nanjundaradhyahy/pico/pico-sdk/lib/tinyusb/src/class/cdc/cdc_device.c.o
                0x10006714                cdcd_open
 .text.cdcd_control_xfer_cb
                0x100067bc       0xe8 CMakeFiles/pio_dac_sine.dir/home/nanjundaradhyahy/pico/pico-sdk/lib/tinyusb/src/class/cdc/cdc_device.c.o
                0x100067bc                cdcd_control_xfer_cb
 .text.cdcd_xfer_cb
                0x100068a4      0x100 CMakeFiles/pio_dac_sine.dir/home/nanjundaradhyahy/pico/pico-sdk/lib/tinyusb/src/class/cdc/cdc_device.c.o
                0x100068a4                cdcd_xfer_cb
 .text.vendord_init
                0x100069a4       0x5c CMakeFiles/pio_dac_sine.dir/home/nanjundaradhyahy/pico/pico-sdk/lib/tinyusb/src/class/vendor/vendor_device.c.o
                0x100069a4                vendord_init
 .text.vendord_deinit
                0x10006a00       0x1c CMakeFiles/pio_dac_sine.dir/home/nanjundaradhyahy/pico/pico-sdk/lib/tinyusb/src/class/vendor/vendor_device.c.o
                0x10006a00                vendord_deinit
 .text.vendord_reset
                0x10006a1c       0x28 CMakeFiles/pio_dac_sine.dir/home/nanjundaradhyahy/pico/pico-sdk/lib/tinyusb/src/class/vendor/vendor_device.c.o
                0x10006a1c                vendord_reset
 .text.vendord_open
                0x10006a44      0x128 CMakeFiles/pio_dac_sine.dir/home/nanjundaradhyahy/pico/pico-sdk/lib/tinyusb/src/class/vendor/vendor_device.c.o
                0x10006a44                vendord_open
 .text.vendord_xfer_cb
                0x10006b6c       0x9c CMakeFiles/pio_dac_sine.dir/home/nanjundaradhyahy/pico/pico-sdk/lib/tinyusb/src/class/vendor/vendor_device.c.o
                0x10006b6c                vendord_xfer_cb
 .text.tusb_rhport_init
                0x10006c08       0x48 CMakeFiles/pio_dac_sine.dir/home/nanjundaradhyahy/pico/pico-sdk/lib/tinyusb/src/tusb.c.o
                0x10006c08                tusb_rhport_init
 .text.tu_edpt_claim
                0x10006c50       0x50 CMakeFiles/pio_dac_sine.dir/home/nanjundaradhyahy/pico/pico-sdk/lib/tinyusb/src/tusb.c.o
                0x10006c50                tu_edpt_claim
 .text.tu_edpt_release
                0x10006ca0       0x38 CMakeFiles/pio_dac_sine.dir/home/nanjundaradhyahy/pico/pico-sdk/lib/tinyusb/src/tusb.c.o
                0x10006ca0                tu_edpt_release
 .text.tu_edpt_validate
                0x10006cd8       0x7c CMakeFiles/pio_dac_sine.dir/home/nanjundaradhyahy/pico/pico-sdk/lib/tinyusb/src/tusb.c.o
                0x10006cd8                tu_edpt_validate
 .text.tu_edpt_bind_driver
                0x10006d54       0x34 CMakeFiles/pio_dac_sine.dir/home/nanjundaradhyahy/pico/pico-sdk/lib/tinyusb/src/tusb.c.o
                0x10006d54                tu_edpt_bind_driver
 .text.tu_edpt_stream_init
                0x10006d88       0x6c CMakeFiles/pio_dac_sine.dir/home/nanjundaradhyahy/pico/pico-sdk/lib/tinyusb/src/tusb.c.o
                0x10006d88                tu_edpt_stream_init
 .text.tu_edpt_stream_deinit
                0x10006df4        0x4 CMakeFiles/pio_dac_sine.dir/home/nanjundaradhyahy/pico/pico-sdk/lib/tinyusb/src/tusb.c.o
                0x10006df4                tu_edpt_stream_deinit
 .text.tu_edpt_stream_write_zlp_if_needed
                0x10006df8       0x68 CMakeFiles/pio_dac_sine.dir/home/nanjundaradhyahy/pico/pico-sdk/lib/tinyusb/src/tusb.c.o
                0x10006df8                tu_edpt_stream_write_zlp_if_needed
 .text.tu_edpt_stream_write_xfer
                0x10006e60       0x64 CMakeFiles/pio_dac_sine.dir/home/nanjundaradhyahy/pico/pico-sdk/lib/tinyusb/src/tusb.c.o
                0x10006e60                tu_edpt_stream_write_xfer
 .text.tu_edpt_stream_read_xfer
                0x10006ec4       0xdc CMakeFiles/pio_dac_sine.dir/home/nanjundaradhyahy/pico/pico-sdk/lib/tinyusb/src/tusb.c.o
                0x10006ec4                tu_edpt_stream_read_xfer
 .text.tu_fifo_config
                0x10006fa0       0x6c CMakeFiles/pio_dac_sine.dir/home/nanjundaradhyahy/pico/pico-sdk/lib/tinyusb/src/common/tusb_fifo.c.o
                0x10006fa0                tu_fifo_config
 .text.tu_fifo_count
                0x1000700c       0x2c CMakeFiles/pio_dac_sine.dir/home/nanjundaradhyahy/pico/pico-sdk/lib/tinyusb/src/common/tusb_fifo.c.o
                0x1000700c                tu_fifo_count
 .text.tu_fifo_empty
                0x10007038       0x10 CMakeFiles/pio_dac_sine.dir/home/nanjundaradhyahy/pico/pico-sdk/lib/tinyusb/src/common/tusb_fifo.c.o
                0x10007038                tu_fifo_empty
 .text.tu_fifo_remaining
                0x10007048       0x2c CMakeFiles/pio_dac_sine.dir/home/nanjundaradhyahy/pico/pico-sdk/lib/tinyusb/src/common/tusb_fifo.c.o
                0x10007048                tu_fifo_remaining
 .text.tu_fifo_read
                0x10007074       0x9c CMakeFiles/pio_dac_sine.dir/home/nanjundaradhyahy/pico/pico-sdk/lib/tinyusb/src/common/tusb_fifo.c.o
                0x10007074                tu_fifo_read
 .text.tu_fifo_read_n
                0x10007110       0xe8 CMakeFiles/pio_dac_sine.dir/home/nanjundaradhyahy/pico/pico-sdk/lib/tinyusb/src/common/tusb_fifo.c.o
                0x10007110                tu_fifo_read_n
 .text.tu_fifo_write
                0x100071f8       0xa8 CMakeFiles/pio_dac_sine.dir/home/nanjundaradhyahy/pico/pico-sdk/lib/tinyusb/src/common/tusb_fifo.c.o
                0x100071f8                tu_fifo_write
 .text.tu_fifo_write_n
                0x100072a0      0x178 CMakeFiles/pio_dac_sine.dir/home/nanjundaradhyahy/pico/pico-sdk/lib/tinyusb/src/common/tusb_fifo.c.o
                0x100072a0                tu_fifo_write_n
 .text.tu_fifo_clear
                0x10007418       0x40 CMakeFiles/pio_dac_sine.dir/home/nanjundaradhyahy/pico/pico-sdk/lib/tinyusb/src/common/tusb_fifo.c.o
                0x10007418                tu_fifo_clear
 .text.tu_fifo_set_overwritable
                0x10007458       0x48 CMakeFiles/pio_dac_sine.dir/home/nanjundaradhyahy/pico/pico-sdk/lib/tinyusb/src/common/tusb_fifo.c.o
                0x10007458                tu_fifo_set_overwritable
 .text.pio_sm_claim
                0x100074a0       0x30 CMakeFiles/pio_dac_sine.dir/home/nanjundaradhyahy/pico/pico-sdk/src/rp2_common/hardware_pio/pio.c.o
                0x100074a0                pio_sm_claim
 .text.pio_add_program
                0x100074d0      0x104 CMakeFiles/pio_dac_sine.dir/home/nanjundaradhyahy/pico/pico-sdk/src/rp2_common/hardware_pio/pio.c.o
                0x100074d0                pio_add_program
 .text.pio_sm_init
                0x100075d4       0x9c CMakeFiles/pio_dac_sine.dir/home/nanjundaradhyahy/pico/pico-sdk/src/rp2_common/hardware_pio/pio.c.o
                0x100075d4                pio_sm_init
 .text.adc_init
                0x10007670       0x38 CMakeFiles/pio_dac_sine.dir/home/nanjundaradhyahy/pico/pico-sdk/src/rp2_common/hardware_adc/adc.c.o
                0x10007670                adc_init
 .text          0x100076a8       0xa8 /usr/lib/gcc/arm-none-eabi/13.2.1/../../../arm-none-eabi/lib/thumb/v6-m/nofp/libg.a(libc_a-sscanf.o)
                0x100076a8                sscanf
                0x100076fc                _sscanf_r
 .text          0x10007750       0xa8 /usr/lib/gcc/arm-none-eabi/13.2.1/../../../arm-none-eabi/lib/thumb/v6-m/nofp/libg.a(libc_a-callocr.o)
                0x10007750                _calloc_r
 .text          0x100077f8      0x5b4 /usr/lib/gcc/arm-none-eabi/13.2.1/../../../arm-none-eabi/lib/thumb/v6-m/nofp/libg.a(libc_a-mallocr.o)
                0x100077f8                _malloc_r
 .text          0x10007dac      0x288 /usr/lib/gcc/arm-none-eabi/13.2.1/../../../arm-none-eabi/lib/thumb/v6-m/nofp/libg.a(libc_a-freer.o)
                0x10007dac                _malloc_trim_r
                0x10007e60                _free_r
 .text          0x10008034      0xfe0 /usr/lib/gcc/arm-none-eabi/13.2.1/../../../arm-none-eabi/lib/thumb/v6-m/nofp/libg.a(libc_a-svfscanf.o)
                0x10008034                __ssvfscanf_r
 .text          0x10009014      0x190 /usr/lib/gcc/arm-none-eabi/13.2.1/../../../arm-none-eabi/lib/thumb/v6-m/nofp/libg.a(libc_a-strtol.o)
                0x1000916c                _strtol_r
                0x10009174                strtol_l
                0x1000918c                strtol
 .text          0x100091a4       0x1c /usr/lib/gcc/arm-none-eabi/13.2.1/../../../arm-none-eabi/lib/thumb/v6-m/nofp/libg.a(libc_a-sysconf.o)
                0x100091a4                sysconf
 .text          0x100091c0       0xa8 /usr/lib/gcc/arm-none-eabi/13.2.1/../../../arm-none-eabi/lib/thumb/v6-m/nofp/libg.a(libc_a-stdio.o)
                0x100091c0                __sread
                0x100091e8                __seofread
                0x100091ec                __swrite
                0x1000922c                __sseek
                0x1000925c                __sclose
 .text          0x10009268        0xc /usr/lib/gcc/arm-none-eabi/13.2.1/../../../arm-none-eabi/lib/thumb/v6-m/nofp/libg.a(libc_a-iswspace.o)
                0x10009268                iswspace
 .text          0x10009274       0x94 /usr/lib/gcc/arm-none-eabi/13.2.1/../../../arm-none-eabi/lib/thumb/v6-m/nofp/libg.a(libc_a-mbrtowc.o)
                0x10009274                _mbrtowc_r
                0x100092bc                mbrtowc
 .text          0x10009308      0x350 /usr/lib/gcc/arm-none-eabi/13.2.1/../../../arm-none-eabi/lib/thumb/v6-m/nofp/libg.a(libc_a-reallocr.o)
                0x10009308                _realloc_r
 .text          0x10009658       0x28 /usr/lib/gcc/arm-none-eabi/13.2.1/../../../arm-none-eabi/lib/thumb/v6-m/nofp/libg.a(libc_a-writer.o)
                0x10009658                _write_r
 .text          0x10009680      0x108 /usr/lib/gcc/arm-none-eabi/13.2.1/../../../arm-none-eabi/lib/thumb/v6-m/nofp/libg.a(libc_a-fwrite.o)
                0x10009680                _fwrite_r
                0x10009700                fwrite
 .text          0x10009788        0x8 /usr/lib/gcc/arm-none-eabi/13.2.1/../../../arm-none-eabi/lib/thumb/v6-m/nofp/libg.a(libc_a-mlock.o)
                0x10009788                __malloc_lock
                0x1000978c                __malloc_unlock
 .text          0x10009790      0x258 /usr/lib/gcc/arm-none-eabi/13.2.1/../../../arm-none-eabi/lib/thumb/v6-m/nofp/libg.a(libc_a-findfp.o)
                0x100098ec                __sfp
                0x1000998c                __sinit
                0x100099b0                __sfp_lock_acquire
                0x100099b4                __sfp_lock_release
                0x100099b8                __fp_lock_all
                0x100099d0                __fp_unlock_all
 .text          0x100099e8      0x310 /usr/lib/gcc/arm-none-eabi/13.2.1/../../../arm-none-eabi/lib/thumb/v6-m/nofp/libg.a(libc_a-fvwrite.o)
                0x100099e8                __sfvwrite_r
 .text          0x10009cf8       0x10 /usr/lib/gcc/arm-none-eabi/13.2.1/../../../arm-none-eabi/lib/thumb/v6-m/nofp/libg.a(libc_a-atexit.o)
                0x10009cf8                atexit
 .text          0x10009d08       0x5c /usr/lib/gcc/arm-none-eabi/13.2.1/../../../arm-none-eabi/lib/thumb/v6-m/nofp/libg.a(libc_a-strlen-stub.o)
                0x10009d08                strlen
 .text          0x10009d64      0xfe0 /usr/lib/gcc/arm-none-eabi/13.2.1/../../../arm-none-eabi/lib/thumb/v6-m/nofp/libg.a(libc_a-svfiscanf.o)
                0x10009d64                _sungetc_r
                0x10009de4                __ssrefill_r
                0x10009e24                _sfread_r
                0x10009ee0                __ssvfiscanf_r
 .text          0x1000ad44       0x24 /usr/lib/gcc/arm-none-eabi/13.2.1/../../../arm-none-eabi/lib/thumb/v6-m/nofp/libg.a(libc_a-sbrkr.o)
                0x1000ad44                _sbrk_r
 .text          0x1000ad68      0x164 /usr/lib/gcc/arm-none-eabi/13.2.1/../../../arm-none-eabi/lib/thumb/v6-m/nofp/libg.a(libc_a-ungetc.o)
                0x1000ad68                __submore
                0x1000adec                _ungetc_r
                0x1000aeb4                ungetc
 .text          0x1000aecc       0x24 /usr/lib/gcc/arm-none-eabi/13.2.1/../../../arm-none-eabi/lib/thumb/v6-m/nofp/libg.a(libc_a-closer.o)
                0x1000aecc                _close_r
 .text          0x1000aef0       0x28 /usr/lib/gcc/arm-none-eabi/13.2.1/../../../arm-none-eabi/lib/thumb/v6-m/nofp/libg.a(libc_a-fini.o)
                0x1000aef0                __libc_fini_array
 .text          0x1000af18        0x8 /usr/lib/gcc/arm-none-eabi/13.2.1/../../../arm-none-eabi/lib/thumb/v6-m/nofp/libg.a(libm_a-sf_nan.o)
                0x1000af18                nanf
 .text          0x1000af20      0x1d8 /usr/lib/gcc/arm-none-eabi/13.2.1/../../../arm-none-eabi/lib/thumb/v6-m/nofp/libg.a(libc_a-strtoll.o)
                0x1000b0c0                _strtoll_r
                0x1000b0c8                strtoll_l
                0x1000b0e0                strtoll
 .text          0x1000b0f8       0x80 /usr/lib/gcc/arm-none-eabi/13.2.1/../../../arm-none-eabi/lib/thumb/v6-m/nofp/libg.a(libc_a-sccl.o)
                0x1000b0f8                __sccl
 .text          0x1000b178       0x74 /usr/lib/gcc/arm-none-eabi/13.2.1/../../../arm-none-eabi/lib/thumb/v6-m/nofp/libg.a(libc_a-memchr-stub.o)
                0x1000b178                memchr
 .text          0x1000b1ec       0x44 /usr/lib/gcc/arm-none-eabi/13.2.1/../../../arm-none-eabi/lib/thumb/v6-m/nofp/libg.a(libc_a-fwalk.o)
                0x1000b1ec                _fwalk_sglue
 .text          0x1000b230       0x14 /usr/lib/gcc/arm-none-eabi/13.2.1/../../../arm-none-eabi/lib/thumb/v6-m/nofp/libg.a(libc_a-localeconv.o)
                0x1000b230                __localeconv_l
                0x1000b234                _localeconv_r
                0x1000b23c                localeconv
 .text          0x1000b244     0x10b8 /usr/lib/gcc/arm-none-eabi/13.2.1/../../../arm-none-eabi/lib/thumb/v6-m/nofp/libg.a(libc_a-strtod.o)
                0x1000b274                _strtod_l
                0x1000c12c                _strtod_r
                0x1000c13c                strtod_l
                0x1000c154                strtod
                0x1000c170                strtof_l
                0x1000c228                strtof
 .text          0x1000c2fc       0x98 /usr/lib/gcc/arm-none-eabi/13.2.1/../../../arm-none-eabi/lib/thumb/v6-m/nofp/libg.a(libc_a-locale.o)
                0x1000c2fc                _setlocale_r
                0x1000c340                __locale_mb_cur_max
                0x1000c350                setlocale
 .text          0x1000c394       0x88 /usr/lib/gcc/arm-none-eabi/13.2.1/../../../arm-none-eabi/lib/thumb/v6-m/nofp/libg.a(libc_a-strcmp.o)
                0x1000c394                strcmp
 .text          0x1000c41c      0x658 /usr/lib/gcc/arm-none-eabi/13.2.1/../../../arm-none-eabi/lib/thumb/v6-m/nofp/libg.a(libc_a-gdtoa-gethex.o)
                0x1000c4cc                __gethex
 .text          0x1000ca74      0x17c /usr/lib/gcc/arm-none-eabi/13.2.1/../../../arm-none-eabi/lib/thumb/v6-m/nofp/libg.a(libc_a-strtoul.o)
                0x1000cbb8                _strtoul_r
                0x1000cbc0                strtoul_l
                0x1000cbd8                strtoul
 .text          0x1000cbf0       0x44 /usr/lib/gcc/arm-none-eabi/13.2.1/../../../arm-none-eabi/lib/thumb/v6-m/nofp/libg.a(libc_a-mbtowc_r.o)
                0x1000cbf0                _mbtowc_r
                0x1000cc08                __ascii_mbtowc
 .text          0x1000cc34      0x1c4 /usr/lib/gcc/arm-none-eabi/13.2.1/../../../arm-none-eabi/lib/thumb/v6-m/nofp/libg.a(libc_a-fflush.o)
                0x1000cc34                __sflush_r
                0x1000cd7c                _fflush_r
                0x1000cda8                fflush
 .text          0x1000cdf8       0x74 /usr/lib/gcc/arm-none-eabi/13.2.1/../../../arm-none-eabi/lib/thumb/v6-m/nofp/libg.a(libc_a-strncmp.o)
                0x1000cdf8                strncmp
 .text          0x1000ce6c       0xb0 /usr/lib/gcc/arm-none-eabi/13.2.1/../../../arm-none-eabi/lib/thumb/v6-m/nofp/libg.a(libc_a-memmove.o)
                0x1000ce6c                memmove
 .text          0x1000cf1c        0xc /usr/lib/gcc/arm-none-eabi/13.2.1/../../../arm-none-eabi/lib/thumb/v6-m/nofp/libg.a(libc_a-errno.o)
                0x1000cf1c                __errno
 .text          0x1000cf28       0x18 /usr/lib/gcc/arm-none-eabi/13.2.1/../../../arm-none-eabi/lib/thumb/v6-m/nofp/libg.a(libc_a-iswspace_l.o)
                0x1000cf28                iswspace_l
 .text          0x1000cf40      0x1fc /usr/lib/gcc/arm-none-eabi/13.2.1/../../../arm-none-eabi/lib/thumb/v6-m/nofp/libg.a(libc_a-strtoull.o)
                0x1000d104                _strtoull_r
                0x1000d10c                strtoull_l
                0x1000d124                strtoull
 .text          0x1000d13c       0x28 /usr/lib/gcc/arm-none-eabi/13.2.1/../../../arm-none-eabi/lib/thumb/v6-m/nofp/libg.a(libc_a-readr.o)
                0x1000d13c                _read_r
 .text          0x1000d164       0xcc /usr/lib/gcc/arm-none-eabi/13.2.1/../../../arm-none-eabi/lib/thumb/v6-m/nofp/libg.a(libc_a-wsetup.o)
                0x1000d164                __swsetup_r
 .text          0x1000d230       0xa4 /usr/lib/gcc/arm-none-eabi/13.2.1/../../../arm-none-eabi/lib/thumb/v6-m/nofp/libg.a(libc_a-fclose.o)
                0x1000d230                _fclose_r
                0x1000d2c0                fclose
 .text          0x1000d2d4       0x2c /usr/lib/gcc/arm-none-eabi/13.2.1/../../../arm-none-eabi/lib/thumb/v6-m/nofp/libg.a(libc_a-wctomb_r.o)
                0x1000d2d4                _wctomb_r
                0x1000d2e4                __ascii_wctomb
 .text          0x1000d300       0x28 /usr/lib/gcc/arm-none-eabi/13.2.1/../../../arm-none-eabi/lib/thumb/v6-m/nofp/libg.a(libc_a-lseekr.o)
                0x1000d300                _lseek_r
 .text          0x1000d328       0x78 /usr/lib/gcc/arm-none-eabi/13.2.1/../../../arm-none-eabi/lib/thumb/v6-m/nofp/libg.a(libc_a-__atexit.o)
                0x1000d328                __register_exitproc
 .text          0x1000d3a0      0x230 /usr/lib/gcc/arm-none-eabi/13.2.1/../../../arm-none-eabi/lib/thumb/v6-m/nofp/libg.a(libc_a-gdtoa-hexnan.o)
                0x1000d3a0                __match
                0x1000d3cc                __hexnan
 .text          0x1000d5d0        0xc /usr/lib/gcc/arm-none-eabi/13.2.1/../../../arm-none-eabi/lib/thumb/v6-m/nofp/libg.a(libm_a-s_nan.o)
                0x1000d5d0                nan
 .text          0x1000d5dc      0xb18 /usr/lib/gcc/arm-none-eabi/13.2.1/../../../arm-none-eabi/lib/thumb/v6-m/nofp/libg.a(libc_a-mprec.o)
                0x1000d5dc                _Balloc
                0x1000d62c                _Bfree
                0x1000d640                __multadd
                0x1000d6e8                __s2b
                0x1000d798                __hi0bits
                0x1000d7e4                __lo0bits
                0x1000d840                __i2b
                0x1000d8a0                __multiply
                0x1000da4c                __pow5mult
                0x1000db1c                __lshift
                0x1000dc18                __mcmp
                0x1000dc54                __mdiff
                0x1000de08                __ulp
                0x1000de48                __b2d
                0x1000df00                __d2b
                0x1000dfcc                __ratio
                0x1000e034                _mprec_log10
                0x1000e068                __copybits
                0x1000e0a8                __any_on
 .text          0x1000e0f4      0x138 /usr/lib/gcc/arm-none-eabi/13.2.1/../../../arm-none-eabi/lib/thumb/v6-m/nofp/libg.a(libc_a-makebuf.o)
                0x1000e0f4                __smakebuf_r
                0x1000e1d4                __swhatbuf_r
 .text.startup  0x1000e22c       0x18 /usr/lib/gcc/arm-none-eabi/13.2.1/../../../arm-none-eabi/lib/thumb/v6-m/nofp/libg.a(libc_a-__call_atexit.o)
 .text          0x1000e244       0x28 /usr/lib/gcc/arm-none-eabi/13.2.1/../../../arm-none-eabi/lib/thumb/v6-m/nofp/libg.a(libc_a-fstatr.o)
                0x1000e244                _fstat_r
 .text          0x1000e26c       0x24 /usr/lib/gcc/arm-none-eabi/13.2.1/../../../arm-none-eabi/lib/thumb/v6-m/nofp/libg.a(libc_a-isattyr.o)
                0x1000e26c                _isatty_r
 *(.fini)
 .fini          0x1000e290        0x4 /usr/lib/gcc/arm-none-eabi/13.2.1/thumb/v6-m/nofp/crti.o
                0x1000e290                _fini
 *fill*         0x1000e294        0x4 
 .fini.__stub   0x1000e298       0xc0 linker stubs
 *crtbegin.o(.ctors)
 *crtbegin?.o(.ctors)
 *(EXCLUDE_FILE(*crtend.o *crtend?.o) .ctors)
 *(SORT_BY_NAME(.ctors.*))
 *(.ctors)
 *crtbegin.o(.dtors)
 *crtbegin?.o(.dtors)
 *(EXCLUDE_FILE(*crtend.o *crtend?.o) .dtors)
 *(SORT_BY_NAME(.dtors.*))
 *(.dtors)
                0x1000e358                        . = ALIGN (0x4)
                0x1000e358                        PROVIDE (__preinit_array_start = .)
 *(SORT_BY_NAME(.preinit_array.*))
 .preinit_array.00100
                0x1000e358        0x4 CMakeFiles/pio_dac_sine.dir/home/nanjundaradhyahy/pico/pico-sdk/src/rp2_common/pico_runtime_init/runtime_init.c.o
                0x1000e358                __pre_init_runtime_init_early_resets
 .preinit_array.00101
                0x1000e35c        0x4 CMakeFiles/pio_dac_sine.dir/home/nanjundaradhyahy/pico/pico-sdk/src/rp2_common/pico_runtime_init/runtime_init.c.o
                0x1000e35c                __pre_init_runtime_init_usb_power_down
 .preinit_array.00275
                0x1000e360        0x4 CMakeFiles/pio_dac_sine.dir/home/nanjundaradhyahy/pico/pico-sdk/src/rp2_common/pico_bit_ops/bit_ops_aeabi.S.o
 .preinit_array.00300
                0x1000e364        0x4 CMakeFiles/pio_dac_sine.dir/home/nanjundaradhyahy/pico/pico-sdk/src/rp2_common/pico_mem_ops/mem_ops_aeabi.S.o
 .preinit_array.00350
                0x1000e368        0x4 CMakeFiles/pio_dac_sine.dir/home/nanjundaradhyahy/pico/pico-sdk/src/rp2_common/pico_double/double_aeabi_rp2040.S.o
 .preinit_array.00350
                0x1000e36c        0x4 CMakeFiles/pio_dac_sine.dir/home/nanjundaradhyahy/pico/pico-sdk/src/rp2_common/pico_float/float_aeabi_rp2040.S.o
 .preinit_array.00500
                0x1000e370        0x4 CMakeFiles/pio_dac_sine.dir/home/nanjundaradhyahy/pico/pico-sdk/src/rp2_common/pico_runtime_init/runtime_init.c.o
                0x1000e370                __pre_init_runtime_init_clocks
 .preinit_array.00600
                0x1000e374        0x4 CMakeFiles/pio_dac_sine.dir/home/nanjundaradhyahy/pico/pico-sdk/src/rp2_common/pico_runtime_init/runtime_init.c.o
                0x1000e374                __pre_init_runtime_init_post_clock_resets
 .preinit_array.00700
                0x1000e378        0x4 CMakeFiles/pio_dac_sine.dir/home/nanjundaradhyahy/pico/pico-sdk/src/rp2_common/pico_runtime_init/runtime_init.c.o
                0x1000e378                __pre_init_runtime_init_rp2040_gpio_ie_disable
 .preinit_array.01000
                0x1000e37c        0x4 CMakeFiles/pio_dac_sine.dir/home/nanjundaradhyahy/pico/pico-sdk/src/rp2_common/pico_runtime_init/runtime_init.c.o
                0x1000e37c                __pre_init_runtime_init_spin_locks_reset
 .preinit_array.01100
                0x1000e380        0x4 CMakeFiles/pio_dac_sine.dir/home/nanjundaradhyahy/pico/pico-sdk/src/common/pico_sync/mutex.c.o
                0x1000e380                __pre_init_runtime_init_mutex
 .preinit_array.10080
                0x1000e384        0x4 CMakeFiles/pio_dac_sine.dir/home/nanjundaradhyahy/pico/pico-sdk/src/rp2_common/pico_runtime_init/runtime_init.c.o
                0x1000e384                __pre_init_runtime_init_install_ram_vector_table
 .preinit_array.11000
                0x1000e388        0x4 CMakeFiles/pio_dac_sine.dir/home/nanjundaradhyahy/pico/pico-sdk/src/common/pico_time/time.c.o
                0x1000e388                __pre_init_runtime_init_default_alarm_pool
 .preinit_array.YYYYY
                0x1000e38c        0x4 CMakeFiles/pio_dac_sine.dir/home/nanjundaradhyahy/pico/pico-sdk/src/rp2_common/pico_runtime/runtime.c.o
                0x1000e38c                __pre_init_first_per_core_initializer
 .preinit_array.ZZZZZ.01200
                0x1000e390        0x4 CMakeFiles/pio_dac_sine.dir/home/nanjundaradhyahy/pico/pico-sdk/src/rp2_common/hardware_irq/irq.c.o
                0x1000e390                __pre_init_runtime_init_per_core_irq_priorities
 *(.preinit_array)
                0x1000e394                        PROVIDE (__preinit_array_end = .)
                0x1000e394                        . = ALIGN (0x4)
                0x1000e394                        PROVIDE (__init_array_start = .)
 *(SORT_BY_NAME(.init_array.*))
 .init_array.00000
                0x1000e394        0x4 /usr/lib/gcc/arm-none-eabi/13.2.1/../../../arm-none-eabi/lib/thumb/v6-m/nofp/libg.a(libc_a-__call_atexit.o)
 .init_array.01000
                0x1000e398        0x4 CMakeFiles/pio_dac_sine.dir/home/nanjundaradhyahy/pico/pico-sdk/src/rp2_common/pico_unique_id/unique_id.c.o
 *(.init_array)
 .init_array    0x1000e39c        0x4 /usr/lib/gcc/arm-none-eabi/13.2.1/thumb/v6-m/nofp/crtbegin.o
                0x1000e3a0                        PROVIDE (__init_array_end = .)
                0x1000e3a0                        . = ALIGN (0x4)
                0x1000e3a0                        PROVIDE (__fini_array_start = .)
 *(SORT_BY_NAME(.fini_array.*))
 *(.fini_array)
                0x1000e3a0                        PROVIDE (__fini_array_end = .)
 *(.eh_frame*)
 .eh_frame      0x1000e3a0        0x0 /usr/lib/gcc/arm-none-eabi/13.2.1/thumb/v6-m/nofp/crtbegin.o
                0x1000e3a0                        . = ALIGN (0x4)

.glue_7         0x1000e3a0        0x0
 .glue_7        0x1000e3a0        0x0 linker stubs

.glue_7t        0x1000e3a0        0x0
 .glue_7t       0x1000e3a0        0x0 linker stubs

.vfp11_veneer   0x1000e3a0        0x0
 .vfp11_veneer  0x1000e3a0        0x0 linker stubs

.v4_bx          0x1000e3a0        0x0
 .v4_bx         0x1000e3a0        0x0 linker stubs

.iplt           0x1000e3a0        0x0
 .iplt          0x1000e3a0        0x0 /usr/lib/gcc/arm-none-eabi/13.2.1/thumb/v6-m/nofp/crtbegin.o

.rodata         0x1000e3a0     0x1418
 *(EXCLUDE_FILE(*libm.a: *libc.a:*lib_a-mem*.o *libgcc.a:) .rodata*)
 .rodata.handle_nmr_command.str1.4
                0x1000e3a0      0x461 CMakeFiles/pio_dac_sine.dir/main.c.o
                                0x133 (size before relaxing)
 .rodata.handle_incoming_commands.str1.4
                0x1000e801       0xa2 CMakeFiles/pio_dac_sine.dir/main.c.o
 *fill*         0x1000e801        0x3 
 .rodata.sin_lut_16
                0x1000e804       0x10 CMakeFiles/pio_dac_sine.dir/main.c.o
                0x1000e804                sin_lut_16
 .rodata.dac_trigger_program
                0x1000e814        0x8 CMakeFiles/pio_dac_sine.dir/main.c.o
 .rodata.dac_trigger_program_instructions
                0x1000e81c        0x8 CMakeFiles/pio_dac_sine.dir/main.c.o
 .rodata.panic.str1.4
                0x1000e824       0x12 CMakeFiles/pio_dac_sine.dir/home/nanjundaradhyahy/pico/pico-sdk/src/rp2_common/pico_platform_panic/panic.c.o
 .rodata.spin_lock_claim_unused.str1.4
                0x1000e824       0x1b CMakeFiles/pio_dac_sine.dir/home/nanjundaradhyahy/pico/pico-sdk/src/rp2_common/hardware_sync/sync.c.o
 .rodata.user_irq_claim_unused.str1.4
                0x1000e824       0x1b CMakeFiles/pio_dac_sine.dir/home/nanjundaradhyahy/pico/pico-sdk/src/rp2_common/hardware_irq/irq.c.o
 *fill*         0x1000e824        0x4 
 .rodata.at_the_end_of_time
                0x1000e828        0x8 CMakeFiles/pio_dac_sine.dir/home/nanjundaradhyahy/pico/pico-sdk/src/common/pico_time/time.c.o
                0x1000e828                at_the_end_of_time
 .rodata.timer_hardware_alarm_claim.str1.4
                0x1000e830       0x22 CMakeFiles/pio_dac_sine.dir/home/nanjundaradhyahy/pico/pico-sdk/src/rp2_common/hardware_timer/timer.c.o
 .rodata.hard_assertion_failure.str1.4
                0x1000e830        0xc CMakeFiles/pio_dac_sine.dir/home/nanjundaradhyahy/pico/pico-sdk/src/rp2_common/pico_runtime/runtime.c.o
 .rodata.str1.4
                0x1000e830       0x44 CMakeFiles/pio_dac_sine.dir/home/nanjundaradhyahy/pico/pico-sdk/src/rp2_common/pico_standard_binary_info/standard_binary_info.c.o
 .rodata.__bi_84
                0x1000e830        0xc CMakeFiles/pio_dac_sine.dir/home/nanjundaradhyahy/pico/pico-sdk/src/rp2_common/pico_standard_binary_info/standard_binary_info.c.o
 .rodata.__bi_78
                0x1000e83c        0xc CMakeFiles/pio_dac_sine.dir/home/nanjundaradhyahy/pico/pico-sdk/src/rp2_common/pico_standard_binary_info/standard_binary_info.c.o
 .rodata.__bi_54
                0x1000e848        0xc CMakeFiles/pio_dac_sine.dir/home/nanjundaradhyahy/pico/pico-sdk/src/rp2_common/pico_standard_binary_info/standard_binary_info.c.o
 .rodata.__bi_48
                0x1000e854        0xc CMakeFiles/pio_dac_sine.dir/home/nanjundaradhyahy/pico/pico-sdk/src/rp2_common/pico_standard_binary_info/standard_binary_info.c.o
 .rodata.__bi_42
                0x1000e860        0xc CMakeFiles/pio_dac_sine.dir/home/nanjundaradhyahy/pico/pico-sdk/src/rp2_common/pico_standard_binary_info/standard_binary_info.c.o
 .rodata.__bi_34
                0x1000e86c        0xc CMakeFiles/pio_dac_sine.dir/home/nanjundaradhyahy/pico/pico-sdk/src/rp2_common/pico_standard_binary_info/standard_binary_info.c.o
 .rodata.__bi_26
                0x1000e878        0xc CMakeFiles/pio_dac_sine.dir/home/nanjundaradhyahy/pico/pico-sdk/src/rp2_common/pico_standard_binary_info/standard_binary_info.c.o
 .rodata._ftoa.str1.4
                0x1000e884       0x15 CMakeFiles/pio_dac_sine.dir/home/nanjundaradhyahy/pico/pico-sdk/src/rp2_common/pico_printf/printf.c.o
 .rodata._vsnprintf
                0x1000e884      0x19c CMakeFiles/pio_dac_sine.dir/home/nanjundaradhyahy/pico/pico-sdk/src/rp2_common/pico_printf/printf.c.o
 .rodata.pow10.0
                0x1000ea20       0x50 CMakeFiles/pio_dac_sine.dir/home/nanjundaradhyahy/pico/pico-sdk/src/rp2_common/pico_printf/printf.c.o
 .rodata.__assert_func.str1.4
                0x1000ea70       0x43 CMakeFiles/pio_dac_sine.dir/home/nanjundaradhyahy/pico/pico-sdk/src/rp2_common/pico_clib_interface/newlib_interface.c.o
 .rodata.crlf_str.0
                0x1000ea70        0x2 CMakeFiles/pio_dac_sine.dir/home/nanjundaradhyahy/pico/pico-sdk/src/rp2_common/pico_stdio/stdio.c.o
 *fill*         0x1000ea72        0x2 
 .rodata._resetd_driver
                0x1000ea74       0x20 CMakeFiles/pio_dac_sine.dir/home/nanjundaradhyahy/pico/pico-sdk/src/rp2_common/pico_stdio_usb/reset_interface.c.o
 .rodata.desc_ms_os_20
                0x1000ea94       0xa6 CMakeFiles/pio_dac_sine.dir/home/nanjundaradhyahy/pico/pico-sdk/src/rp2_common/pico_stdio_usb/reset_interface.c.o
 *fill*         0x1000eb3a        0x2 
 .rodata.desc_bos
                0x1000eb3c       0x21 CMakeFiles/pio_dac_sine.dir/home/nanjundaradhyahy/pico/pico-sdk/src/rp2_common/pico_stdio_usb/reset_interface.c.o
                0x1000eb3c                desc_bos
 .rodata.str1.4
                0x1000eb5d       0x13 CMakeFiles/pio_dac_sine.dir/home/nanjundaradhyahy/pico/pico-sdk/src/rp2_common/pico_stdio_usb/stdio_usb.c.o
 *fill*         0x1000eb5d        0x3 
 .rodata.__bi_202.0
                0x1000eb60        0xc CMakeFiles/pio_dac_sine.dir/home/nanjundaradhyahy/pico/pico-sdk/src/rp2_common/pico_stdio_usb/stdio_usb.c.o
 .rodata.str1.4
                0x1000eb6c       0x2a CMakeFiles/pio_dac_sine.dir/home/nanjundaradhyahy/pico/pico-sdk/src/rp2_common/pico_stdio_usb/stdio_usb_descriptors.c.o
 .rodata.usbd_desc_str
                0x1000eb6c       0x18 CMakeFiles/pio_dac_sine.dir/home/nanjundaradhyahy/pico/pico-sdk/src/rp2_common/pico_stdio_usb/stdio_usb_descriptors.c.o
 .rodata.usbd_desc_cfg
                0x1000eb84       0x54 CMakeFiles/pio_dac_sine.dir/home/nanjundaradhyahy/pico/pico-sdk/src/rp2_common/pico_stdio_usb/stdio_usb_descriptors.c.o
 .rodata.usbd_desc_device
                0x1000ebd8       0x12 CMakeFiles/pio_dac_sine.dir/home/nanjundaradhyahy/pico/pico-sdk/src/rp2_common/pico_stdio_usb/stdio_usb_descriptors.c.o
 .rodata.str1.4
                0x1000ebea       0x14 CMakeFiles/pio_dac_sine.dir/home/nanjundaradhyahy/pico/pico-sdk/lib/tinyusb/src/portable/raspberrypi/rp2040/dcd_rp2040.c.o
 .rodata.str1.4
                0x1000ebea       0x48 CMakeFiles/pio_dac_sine.dir/home/nanjundaradhyahy/pico/pico-sdk/lib/tinyusb/src/portable/raspberrypi/rp2040/rp2040_usb.c.o
 *fill*         0x1000ebea        0x2 
 .rodata.tud_task_ext
                0x1000ebec       0x8c CMakeFiles/pio_dac_sine.dir/home/nanjundaradhyahy/pico/pico-sdk/lib/tinyusb/src/device/usbd.c.o
 .rodata        0x1000ec78       0x1c CMakeFiles/pio_dac_sine.dir/home/nanjundaradhyahy/pico/pico-sdk/lib/tinyusb/src/device/usbd.c.o
 .rodata._usbd_driver
                0x1000ec94       0x40 CMakeFiles/pio_dac_sine.dir/home/nanjundaradhyahy/pico/pico-sdk/lib/tinyusb/src/device/usbd.c.o
 .rodata.pio_sm_claim.str1.4
                0x1000ecd4       0x40 CMakeFiles/pio_dac_sine.dir/home/nanjundaradhyahy/pico/pico-sdk/src/rp2_common/hardware_pio/pio.c.o
 .rodata.str1.4
                0x1000ecd4        0x9 /usr/lib/gcc/arm-none-eabi/13.2.1/../../../arm-none-eabi/lib/thumb/v6-m/nofp/libg.a(libc_a-svfscanf.o)
 .rodata        0x1000ecd4      0x3e6 /usr/lib/gcc/arm-none-eabi/13.2.1/../../../arm-none-eabi/lib/thumb/v6-m/nofp/libg.a(libc_a-svfscanf.o)
 .rodata.str1.4
                0x1000f0ba        0x1 /usr/lib/gcc/arm-none-eabi/13.2.1/../../../arm-none-eabi/lib/thumb/v6-m/nofp/libg.a(libc_a-mbrtowc.o)
 *fill*         0x1000f0ba        0x2 
 .rodata        0x1000f0bc      0x101 /usr/lib/gcc/arm-none-eabi/13.2.1/../../../arm-none-eabi/lib/thumb/v6-m/nofp/libg.a(libc_a-ctype_.o)
                0x1000f0bc                _ctype_
 *fill*         0x1000f1bd        0x3 
 .rodata        0x1000f1c0      0x2aa /usr/lib/gcc/arm-none-eabi/13.2.1/../../../arm-none-eabi/lib/thumb/v6-m/nofp/libg.a(libc_a-svfiscanf.o)
 .rodata.str1.4
                0x1000f46a       0x15 /usr/lib/gcc/arm-none-eabi/13.2.1/../../../arm-none-eabi/lib/thumb/v6-m/nofp/libg.a(libc_a-strtod.o)
 *fill*         0x1000f46a        0x6 
 .rodata        0x1000f470      0x120 /usr/lib/gcc/arm-none-eabi/13.2.1/../../../arm-none-eabi/lib/thumb/v6-m/nofp/libg.a(libc_a-strtod.o)
 .rodata.str1.4
                0x1000f590       0x12 /usr/lib/gcc/arm-none-eabi/13.2.1/../../../arm-none-eabi/lib/thumb/v6-m/nofp/libg.a(libc_a-locale.o)
 .rodata.str1.4
                0x1000f590       0x4c /usr/lib/gcc/arm-none-eabi/13.2.1/../../../arm-none-eabi/lib/thumb/v6-m/nofp/libg.a(libc_a-gdtoa-gethex.o)
 .rodata        0x1000f590      0x100 /usr/lib/gcc/arm-none-eabi/13.2.1/../../../arm-none-eabi/lib/thumb/v6-m/nofp/libg.a(libc_a-gdtoa-gethex.o)
                0x1000f590                __hexdig
 .rodata.str1.4
                0x1000f690       0x41 /usr/lib/gcc/arm-none-eabi/13.2.1/../../../arm-none-eabi/lib/thumb/v6-m/nofp/libg.a(libc_a-mprec.o)
 .rodata        0x1000f690      0x128 /usr/lib/gcc/arm-none-eabi/13.2.1/../../../arm-none-eabi/lib/thumb/v6-m/nofp/libg.a(libc_a-mprec.o)
                0x1000f6a0                __mprec_tinytens
                0x1000f6c8                __mprec_bigtens
                0x1000f6f0                __mprec_tens
                0x1000f7b8                        . = ALIGN (0x4)
 *(SORT_BY_ALIGNMENT(SORT_BY_NAME(.flashdata*)))
                0x1000f7b8                        . = ALIGN (0x4)

.ARM.extab
 *(.ARM.extab* .gnu.linkonce.armextab.*)
                0x1000f7b8                        __exidx_start = .

.ARM.exidx
 *(.ARM.exidx* .gnu.linkonce.armexidx.*)
                0x1000f7b8                        __exidx_end = .
                0x1000f7b8                        . = ALIGN (0x4)
                0x1000f7b8                        __binary_info_start = .

.binary_info    0x1000f7b8       0x20
 *(.binary_info.keep.*)
 .binary_info.keep.__bi_ptr84
                0x1000f7b8        0x4 CMakeFiles/pio_dac_sine.dir/home/nanjundaradhyahy/pico/pico-sdk/src/rp2_common/pico_standard_binary_info/standard_binary_info.c.o
 .binary_info.keep.__bi_ptr78
                0x1000f7bc        0x4 CMakeFiles/pio_dac_sine.dir/home/nanjundaradhyahy/pico/pico-sdk/src/rp2_common/pico_standard_binary_info/standard_binary_info.c.o
 .binary_info.keep.__bi_ptr54
                0x1000f7c0        0x4 CMakeFiles/pio_dac_sine.dir/home/nanjundaradhyahy/pico/pico-sdk/src/rp2_common/pico_standard_binary_info/standard_binary_info.c.o
 .binary_info.keep.__bi_ptr48
                0x1000f7c4        0x4 CMakeFiles/pio_dac_sine.dir/home/nanjundaradhyahy/pico/pico-sdk/src/rp2_common/pico_standard_binary_info/standard_binary_info.c.o
 .binary_info.keep.__bi_ptr42
                0x1000f7c8        0x4 CMakeFiles/pio_dac_sine.dir/home/nanjundaradhyahy/pico/pico-sdk/src/rp2_common/pico_standard_binary_info/standard_binary_info.c.o
 .binary_info.keep.__bi_ptr34
                0x1000f7cc        0x4 CMakeFiles/pio_dac_sine.dir/home/nanjundaradhyahy/pico/pico-sdk/src/rp2_common/pico_standard_binary_info/standard_binary_info.c.o
 .binary_info.keep.__bi_ptr26
                0x1000f7d0        0x4 CMakeFiles/pio_dac_sine.dir/home/nanjundaradhyahy/pico/pico-sdk/src/rp2_common/pico_standard_binary_info/standard_binary_info.c.o
 *(.binary_info.*)
 .binary_info.__bi_ptr202
                0x1000f7d4        0x4 CMakeFiles/pio_dac_sine.dir/home/nanjundaradhyahy/pico/pico-sdk/src/rp2_common/pico_stdio_usb/stdio_usb.c.o
                0x1000f7d8                        __binary_info_end = .
                0x1000f7d8                        . = ALIGN (0x4)

.ram_vector_table